Wed Jan 7 04:10:23 PM UTC 2026
Requirement already satisfied: pip in ./envs/venv_py310_cafpyana/lib/python3.10/site-packages (23.0.1)
Collecting pip
  Using cached pip-25.3-py3-none-any.whl (1.8 MB)
Installing collected packages: pip
  Attempting uninstall: pip
    Found existing installation: pip 23.0.1
    Uninstalling pip-23.0.1:
      Successfully uninstalled pip-23.0.1
Successfully installed pip-25.3
Collecting wheel
  Using cached wheel-0.45.1-py3-none-any.whl.metadata (2.3 kB)
Requirement already satisfied: setuptools in ./envs/venv_py310_cafpyana/lib/python3.10/site-packages (65.5.0)
Using cached wheel-0.45.1-py3-none-any.whl (72 kB)
Installing collected packages: wheel
Successfully installed wheel-0.45.1
Collecting cffi (from -r /home/lpelegri/cafpyana/envs/pip_requirements.txt (line 1))
  Downloading cffi-2.0.0-cp310-cp310-manylinux2014_x86_64.manylinux_2_17_x86_64.whl.metadata (2.6 kB)
Collecting jupyterlab==4.3.5 (from -r /home/lpelegri/cafpyana/envs/pip_requirements.txt (line 2))
  Using cached jupyterlab-4.3.5-py3-none-any.whl.metadata (16 kB)
Requirement already satisfied: numpy==1.26.4 in /cvmfs/larsoft.opensciencegrid.org/spack-fnal-v1.0.0/opt/spack/linux-x86_64_v2/py-numpy-1.26.4-bjfwdigla2ihyygih63foelrl4jedvx2/lib/python3.10/site-packages (from -r /home/lpelegri/cafpyana/envs/pip_requirements.txt (line 3)) (1.26.4)
Collecting uproot==5.5.1 (from -r /home/lpelegri/cafpyana/envs/pip_requirements.txt (line 4))
  Using cached uproot-5.5.1-py3-none-any.whl.metadata (33 kB)
Collecting matplotlib (from -r /home/lpelegri/cafpyana/envs/pip_requirements.txt (line 5))
  Downloading matplotlib-3.10.8-cp310-cp310-manylinux2014_x86_64.manylinux_2_17_x86_64.whl.metadata (52 kB)
Collecting scipy (from -r /home/lpelegri/cafpyana/envs/pip_requirements.txt (line 6))
  Downloading scipy-1.15.3-cp310-cp310-manylinux_2_17_x86_64.manylinux2014_x86_64.whl.metadata (61 kB)
Collecting pandas==2.2.2 (from -r /home/lpelegri/cafpyana/envs/pip_requirements.txt (line 7))
  Downloading pandas-2.2.2-cp310-cp310-manylinux_2_17_x86_64.manylinux2014_x86_64.whl.metadata (19 kB)
Collecting awkward-pandas (from -r /home/lpelegri/cafpyana/envs/pip_requirements.txt (line 8))
  Using cached awkward_pandas-2023.8.0-py3-none-any.whl.metadata (2.1 kB)
Collecting nbstripout (from -r /home/lpelegri/cafpyana/envs/pip_requirements.txt (line 9))
  Using cached nbstripout-0.8.2-py2.py3-none-any.whl.metadata (21 kB)
Collecting tqdm (from -r /home/lpelegri/cafpyana/envs/pip_requirements.txt (line 10))
  Using cached tqdm-4.67.1-py3-none-any.whl.metadata (57 kB)
Collecting ipywidgets (from -r /home/lpelegri/cafpyana/envs/pip_requirements.txt (line 11))
  Using cached ipywidgets-8.1.8-py3-none-any.whl.metadata (2.4 kB)
Collecting dill (from -r /home/lpelegri/cafpyana/envs/pip_requirements.txt (line 12))
  Using cached dill-0.4.0-py3-none-any.whl.metadata (10 kB)
Collecting h5py (from -r /home/lpelegri/cafpyana/envs/pip_requirements.txt (line 13))
  Downloading h5py-3.15.1-cp310-cp310-manylinux_2_27_x86_64.manylinux_2_28_x86_64.whl.metadata (3.0 kB)
Collecting tables (from -r /home/lpelegri/cafpyana/envs/pip_requirements.txt (line 14))
  Downloading tables-3.10.1-cp310-cp310-manylinux_2_17_x86_64.manylinux2014_x86_64.whl.metadata (2.2 kB)
Collecting emcee (from -r /home/lpelegri/cafpyana/envs/pip_requirements.txt (line 15))
  Using cached emcee-3.1.6-py2.py3-none-any.whl.metadata (3.0 kB)
Collecting corner (from -r /home/lpelegri/cafpyana/envs/pip_requirements.txt (line 16))
  Using cached corner-2.2.3-py3-none-any.whl.metadata (2.2 kB)
Collecting lz4 (from -r /home/lpelegri/cafpyana/envs/pip_requirements.txt (line 17))
  Downloading lz4-4.4.5-cp310-cp310-manylinux2014_x86_64.manylinux_2_17_x86_64.manylinux_2_28_x86_64.whl.metadata (3.8 kB)
Collecting xxhash (from -r /home/lpelegri/cafpyana/envs/pip_requirements.txt (line 18))
  Downloading xxhash-3.6.0-cp310-cp310-manylinux2014_x86_64.manylinux_2_17_x86_64.manylinux_2_28_x86_64.whl.metadata (13 kB)
Collecting fsspec-xrootd (from -r /home/lpelegri/cafpyana/envs/pip_requirements.txt (line 19))
  Using cached fsspec_xrootd-0.5.1-py3-none-any.whl.metadata (4.0 kB)
Collecting async-lru>=1.0.0 (from jupyterlab==4.3.5->-r /home/lpelegri/cafpyana/envs/pip_requirements.txt (line 2))
  Using cached async_lru-2.0.5-py3-none-any.whl.metadata (4.5 kB)
Collecting httpx>=0.25.0 (from jupyterlab==4.3.5->-r /home/lpelegri/cafpyana/envs/pip_requirements.txt (line 2))
  Using cached httpx-0.28.1-py3-none-any.whl.metadata (7.1 kB)
Collecting ipykernel>=6.5.0 (from jupyterlab==4.3.5->-r /home/lpelegri/cafpyana/envs/pip_requirements.txt (line 2))
  Downloading ipykernel-7.1.0-py3-none-any.whl.metadata (4.5 kB)
Collecting jinja2>=3.0.3 (from jupyterlab==4.3.5->-r /home/lpelegri/cafpyana/envs/pip_requirements.txt (line 2))
  Using cached jinja2-3.1.6-py3-none-any.whl.metadata (2.9 kB)
Collecting jupyter-core (from jupyterlab==4.3.5->-r /home/lpelegri/cafpyana/envs/pip_requirements.txt (line 2))
  Downloading jupyter_core-5.9.1-py3-none-any.whl.metadata (1.5 kB)
Collecting jupyter-lsp>=2.0.0 (from jupyterlab==4.3.5->-r /home/lpelegri/cafpyana/envs/pip_requirements.txt (line 2))
  Using cached jupyter_lsp-2.3.0-py3-none-any.whl.metadata (1.8 kB)
Collecting jupyter-server<3,>=2.4.0 (from jupyterlab==4.3.5->-r /home/lpelegri/cafpyana/envs/pip_requirements.txt (line 2))
  Using cached jupyter_server-2.17.0-py3-none-any.whl.metadata (8.5 kB)
Collecting jupyterlab-server<3,>=2.27.1 (from jupyterlab==4.3.5->-r /home/lpelegri/cafpyana/envs/pip_requirements.txt (line 2))
  Using cached jupyterlab_server-2.28.0-py3-none-any.whl.metadata (5.9 kB)
Collecting notebook-shim>=0.2 (from jupyterlab==4.3.5->-r /home/lpelegri/cafpyana/envs/pip_requirements.txt (line 2))
  Using cached notebook_shim-0.2.4-py3-none-any.whl.metadata (4.0 kB)
Collecting packaging (from jupyterlab==4.3.5->-r /home/lpelegri/cafpyana/envs/pip_requirements.txt (line 2))
  Using cached packaging-25.0-py3-none-any.whl.metadata (3.3 kB)
Requirement already satisfied: setuptools>=40.8.0 in ./envs/venv_py310_cafpyana/lib/python3.10/site-packages (from jupyterlab==4.3.5->-r /home/lpelegri/cafpyana/envs/pip_requirements.txt (line 2)) (65.5.0)
Collecting tomli>=1.2.2 (from jupyterlab==4.3.5->-r /home/lpelegri/cafpyana/envs/pip_requirements.txt (line 2))
  Using cached tomli-2.3.0-py3-none-any.whl.metadata (10 kB)
Collecting tornado>=6.2.0 (from jupyterlab==4.3.5->-r /home/lpelegri/cafpyana/envs/pip_requirements.txt (line 2))
  Using cached tornado-6.5.4-cp39-abi3-manylinux_2_5_x86_64.manylinux1_x86_64.manylinux_2_17_x86_64.manylinux2014_x86_64.whl.metadata (2.8 kB)
Collecting traitlets (from jupyterlab==4.3.5->-r /home/lpelegri/cafpyana/envs/pip_requirements.txt (line 2))
  Using cached traitlets-5.14.3-py3-none-any.whl.metadata (10 kB)
Collecting awkward>=2.4.6 (from uproot==5.5.1->-r /home/lpelegri/cafpyana/envs/pip_requirements.txt (line 4))
  Using cached awkward-2.8.11-py3-none-any.whl.metadata (7.5 kB)
Collecting cramjam>=2.5.0 (from uproot==5.5.1->-r /home/lpelegri/cafpyana/envs/pip_requirements.txt (line 4))
  Downloading cramjam-2.11.0-cp310-cp310-manylinux_2_17_x86_64.manylinux2014_x86_64.whl.metadata (5.6 kB)
Collecting fsspec (from uproot==5.5.1->-r /home/lpelegri/cafpyana/envs/pip_requirements.txt (line 4))
  Downloading fsspec-2025.12.0-py3-none-any.whl.metadata (10 kB)
Collecting typing-extensions>=4.1.0 (from uproot==5.5.1->-r /home/lpelegri/cafpyana/envs/pip_requirements.txt (line 4))
  Using cached typing_extensions-4.15.0-py3-none-any.whl.metadata (3.3 kB)
Collecting python-dateutil>=2.8.2 (from pandas==2.2.2->-r /home/lpelegri/cafpyana/envs/pip_requirements.txt (line 7))
  Using cached python_dateutil-2.9.0.post0-py2.py3-none-any.whl.metadata (8.4 kB)
Collecting pytz>=2020.1 (from pandas==2.2.2->-r /home/lpelegri/cafpyana/envs/pip_requirements.txt (line 7))
  Using cached pytz-2025.2-py2.py3-none-any.whl.metadata (22 kB)
Collecting tzdata>=2022.7 (from pandas==2.2.2->-r /home/lpelegri/cafpyana/envs/pip_requirements.txt (line 7))
  Using cached tzdata-2025.3-py2.py3-none-any.whl.metadata (1.4 kB)
Collecting anyio>=3.1.0 (from jupyter-server<3,>=2.4.0->jupyterlab==4.3.5->-r /home/lpelegri/cafpyana/envs/pip_requirements.txt (line 2))
  Using cached anyio-4.12.1-py3-none-any.whl.metadata (4.3 kB)
Collecting argon2-cffi>=21.1 (from jupyter-server<3,>=2.4.0->jupyterlab==4.3.5->-r /home/lpelegri/cafpyana/envs/pip_requirements.txt (line 2))
  Using cached argon2_cffi-25.1.0-py3-none-any.whl.metadata (4.1 kB)
Collecting jupyter-client>=7.4.4 (from jupyter-server<3,>=2.4.0->jupyterlab==4.3.5->-r /home/lpelegri/cafpyana/envs/pip_requirements.txt (line 2))
  Downloading jupyter_client-8.7.0-py3-none-any.whl.metadata (8.3 kB)
Collecting jupyter-events>=0.11.0 (from jupyter-server<3,>=2.4.0->jupyterlab==4.3.5->-r /home/lpelegri/cafpyana/envs/pip_requirements.txt (line 2))
  Using cached jupyter_events-0.12.0-py3-none-any.whl.metadata (5.8 kB)
Collecting jupyter-server-terminals>=0.4.4 (from jupyter-server<3,>=2.4.0->jupyterlab==4.3.5->-r /home/lpelegri/cafpyana/envs/pip_requirements.txt (line 2))
  Using cached jupyter_server_terminals-0.5.3-py3-none-any.whl.metadata (5.6 kB)
Collecting nbconvert>=6.4.4 (from jupyter-server<3,>=2.4.0->jupyterlab==4.3.5->-r /home/lpelegri/cafpyana/envs/pip_requirements.txt (line 2))
  Using cached nbconvert-7.16.6-py3-none-any.whl.metadata (8.5 kB)
Collecting nbformat>=5.3.0 (from jupyter-server<3,>=2.4.0->jupyterlab==4.3.5->-r /home/lpelegri/cafpyana/envs/pip_requirements.txt (line 2))
  Using cached nbformat-5.10.4-py3-none-any.whl.metadata (3.6 kB)
Collecting overrides>=5.0 (from jupyter-server<3,>=2.4.0->jupyterlab==4.3.5->-r /home/lpelegri/cafpyana/envs/pip_requirements.txt (line 2))
  Using cached overrides-7.7.0-py3-none-any.whl.metadata (5.8 kB)
Collecting prometheus-client>=0.9 (from jupyter-server<3,>=2.4.0->jupyterlab==4.3.5->-r /home/lpelegri/cafpyana/envs/pip_requirements.txt (line 2))
  Using cached prometheus_client-0.23.1-py3-none-any.whl.metadata (1.9 kB)
Collecting pyzmq>=24 (from jupyter-server<3,>=2.4.0->jupyterlab==4.3.5->-r /home/lpelegri/cafpyana/envs/pip_requirements.txt (line 2))
  Downloading pyzmq-27.1.0-cp310-cp310-manylinux_2_26_x86_64.manylinux_2_28_x86_64.whl.metadata (6.0 kB)
Collecting send2trash>=1.8.2 (from jupyter-server<3,>=2.4.0->jupyterlab==4.3.5->-r /home/lpelegri/cafpyana/envs/pip_requirements.txt (line 2))
  Using cached send2trash-2.0.0-py3-none-any.whl.metadata (4.3 kB)
Collecting terminado>=0.8.3 (from jupyter-server<3,>=2.4.0->jupyterlab==4.3.5->-r /home/lpelegri/cafpyana/envs/pip_requirements.txt (line 2))
  Using cached terminado-0.18.1-py3-none-any.whl.metadata (5.8 kB)
Collecting websocket-client>=1.7 (from jupyter-server<3,>=2.4.0->jupyterlab==4.3.5->-r /home/lpelegri/cafpyana/envs/pip_requirements.txt (line 2))
  Using cached websocket_client-1.9.0-py3-none-any.whl.metadata (8.3 kB)
Collecting babel>=2.10 (from jupyterlab-server<3,>=2.27.1->jupyterlab==4.3.5->-r /home/lpelegri/cafpyana/envs/pip_requirements.txt (line 2))
  Using cached babel-2.17.0-py3-none-any.whl.metadata (2.0 kB)
Collecting json5>=0.9.0 (from jupyterlab-server<3,>=2.27.1->jupyterlab==4.3.5->-r /home/lpelegri/cafpyana/envs/pip_requirements.txt (line 2))
  Using cached json5-0.13.0-py3-none-any.whl.metadata (36 kB)
Collecting jsonschema>=4.18.0 (from jupyterlab-server<3,>=2.27.1->jupyterlab==4.3.5->-r /home/lpelegri/cafpyana/envs/pip_requirements.txt (line 2))
  Downloading jsonschema-4.26.0-py3-none-any.whl.metadata (7.6 kB)
Requirement already satisfied: requests>=2.31 in /cvmfs/fermilab.opensciencegrid.org/packages/common/py-requests/2.31.0/linux-almalinux9-x86_64_v2-gcc-11.4.1-u4i6ukxy5ooe5wh3k74vzctgmhrn3d67/lib/python3.9/site-packages (from jupyterlab-server<3,>=2.27.1->jupyterlab==4.3.5->-r /home/lpelegri/cafpyana/envs/pip_requirements.txt (line 2)) (2.31.0)
Collecting pycparser (from cffi->-r /home/lpelegri/cafpyana/envs/pip_requirements.txt (line 1))
  Using cached pycparser-2.23-py3-none-any.whl.metadata (993 bytes)
Collecting contourpy>=1.0.1 (from matplotlib->-r /home/lpelegri/cafpyana/envs/pip_requirements.txt (line 5))
  Downloading contourpy-1.3.2-cp310-cp310-manylinux_2_17_x86_64.manylinux2014_x86_64.whl.metadata (5.5 kB)
Collecting cycler>=0.10 (from matplotlib->-r /home/lpelegri/cafpyana/envs/pip_requirements.txt (line 5))
  Using cached cycler-0.12.1-py3-none-any.whl.metadata (3.8 kB)
Collecting fonttools>=4.22.0 (from matplotlib->-r /home/lpelegri/cafpyana/envs/pip_requirements.txt (line 5))
  Downloading fonttools-4.61.1-cp310-cp310-manylinux2014_x86_64.manylinux_2_17_x86_64.whl.metadata (114 kB)
Collecting kiwisolver>=1.3.1 (from matplotlib->-r /home/lpelegri/cafpyana/envs/pip_requirements.txt (line 5))
  Downloading kiwisolver-1.4.9-cp310-cp310-manylinux_2_12_x86_64.manylinux2010_x86_64.whl.metadata (6.3 kB)
Collecting pillow>=8 (from matplotlib->-r /home/lpelegri/cafpyana/envs/pip_requirements.txt (line 5))
  Downloading pillow-12.1.0-cp310-cp310-manylinux_2_27_x86_64.manylinux_2_28_x86_64.whl.metadata (8.8 kB)
Collecting pyparsing>=3 (from matplotlib->-r /home/lpelegri/cafpyana/envs/pip_requirements.txt (line 5))
  Using cached pyparsing-3.3.1-py3-none-any.whl.metadata (5.6 kB)
Collecting comm>=0.1.3 (from ipywidgets->-r /home/lpelegri/cafpyana/envs/pip_requirements.txt (line 11))
  Using cached comm-0.2.3-py3-none-any.whl.metadata (3.7 kB)
Collecting ipython>=6.1.0 (from ipywidgets->-r /home/lpelegri/cafpyana/envs/pip_requirements.txt (line 11))
  Downloading ipython-8.38.0-py3-none-any.whl.metadata (5.1 kB)
Collecting widgetsnbextension~=4.0.14 (from ipywidgets->-r /home/lpelegri/cafpyana/envs/pip_requirements.txt (line 11))
  Using cached widgetsnbextension-4.0.15-py3-none-any.whl.metadata (1.6 kB)
Collecting jupyterlab_widgets~=3.0.15 (from ipywidgets->-r /home/lpelegri/cafpyana/envs/pip_requirements.txt (line 11))
  Using cached jupyterlab_widgets-3.0.16-py3-none-any.whl.metadata (20 kB)
Collecting numexpr>=2.6.2 (from tables->-r /home/lpelegri/cafpyana/envs/pip_requirements.txt (line 14))
  Downloading numexpr-2.14.1-cp310-cp310-manylinux_2_27_x86_64.manylinux_2_28_x86_64.whl.metadata (9.0 kB)
Collecting py-cpuinfo (from tables->-r /home/lpelegri/cafpyana/envs/pip_requirements.txt (line 14))
  Using cached py_cpuinfo-9.0.0-py3-none-any.whl.metadata (794 bytes)
Collecting blosc2>=2.3.0 (from tables->-r /home/lpelegri/cafpyana/envs/pip_requirements.txt (line 14))
  Downloading blosc2-3.12.2-cp310-cp310-manylinux2014_x86_64.manylinux_2_17_x86_64.whl.metadata (7.1 kB)
Collecting exceptiongroup>=1.0.2 (from anyio>=3.1.0->jupyter-server<3,>=2.4.0->jupyterlab==4.3.5->-r /home/lpelegri/cafpyana/envs/pip_requirements.txt (line 2))
  Using cached exceptiongroup-1.3.1-py3-none-any.whl.metadata (6.7 kB)
Requirement already satisfied: idna>=2.8 in /cvmfs/fermilab.opensciencegrid.org/packages/common/py-idna/3.4/linux-almalinux9-x86_64_v2-gcc-11.4.1-4z2dtzk7j5wbnqvv3tbaxjustzsbuy4q/lib/python3.9/site-packages (from anyio>=3.1.0->jupyter-server<3,>=2.4.0->jupyterlab==4.3.5->-r /home/lpelegri/cafpyana/envs/pip_requirements.txt (line 2)) (3.4)
Collecting argon2-cffi-bindings (from argon2-cffi>=21.1->jupyter-server<3,>=2.4.0->jupyterlab==4.3.5->-r /home/lpelegri/cafpyana/envs/pip_requirements.txt (line 2))
  Using cached argon2_cffi_bindings-25.1.0-cp39-abi3-manylinux_2_26_x86_64.manylinux_2_28_x86_64.whl.metadata (7.4 kB)
Collecting awkward-cpp==51 (from awkward>=2.4.6->uproot==5.5.1->-r /home/lpelegri/cafpyana/envs/pip_requirements.txt (line 4))
  Downloading awkward_cpp-51-cp310-cp310-manylinux2014_x86_64.manylinux_2_17_x86_64.whl.metadata (2.2 kB)
Collecting importlib-metadata>=4.13.0 (from awkward>=2.4.6->uproot==5.5.1->-r /home/lpelegri/cafpyana/envs/pip_requirements.txt (line 4))
  Using cached importlib_metadata-8.7.1-py3-none-any.whl.metadata (4.7 kB)
Collecting ndindex (from blosc2>=2.3.0->tables->-r /home/lpelegri/cafpyana/envs/pip_requirements.txt (line 14))
  Downloading ndindex-1.10.1-cp310-cp310-manylinux_2_24_x86_64.manylinux_2_28_x86_64.whl.metadata (3.6 kB)
Collecting msgpack (from blosc2>=2.3.0->tables->-r /home/lpelegri/cafpyana/envs/pip_requirements.txt (line 14))
  Downloading msgpack-1.1.2-cp310-cp310-manylinux2014_x86_64.manylinux_2_17_x86_64.manylinux_2_28_x86_64.whl.metadata (8.1 kB)
Collecting platformdirs (from blosc2>=2.3.0->tables->-r /home/lpelegri/cafpyana/envs/pip_requirements.txt (line 14))
  Downloading platformdirs-4.5.1-py3-none-any.whl.metadata (12 kB)
Requirement already satisfied: certifi in /cvmfs/fermilab.opensciencegrid.org/packages/common/py-certifi/2023.7.22/linux-almalinux9-x86_64_v2-gcc-11.4.1-pvizh2z2a4ygtl76pqwkexxeqd4qwhws/lib/python3.9/site-packages (from httpx>=0.25.0->jupyterlab==4.3.5->-r /home/lpelegri/cafpyana/envs/pip_requirements.txt (line 2)) (2023.7.22)
Collecting httpcore==1.* (from httpx>=0.25.0->jupyterlab==4.3.5->-r /home/lpelegri/cafpyana/envs/pip_requirements.txt (line 2))
  Using cached httpcore-1.0.9-py3-none-any.whl.metadata (21 kB)
Collecting h11>=0.16 (from httpcore==1.*->httpx>=0.25.0->jupyterlab==4.3.5->-r /home/lpelegri/cafpyana/envs/pip_requirements.txt (line 2))
  Using cached h11-0.16.0-py3-none-any.whl.metadata (8.3 kB)
Collecting zipp>=3.20 (from importlib-metadata>=4.13.0->awkward>=2.4.6->uproot==5.5.1->-r /home/lpelegri/cafpyana/envs/pip_requirements.txt (line 4))
  Using cached zipp-3.23.0-py3-none-any.whl.metadata (3.6 kB)
Collecting debugpy>=1.6.5 (from ipykernel>=6.5.0->jupyterlab==4.3.5->-r /home/lpelegri/cafpyana/envs/pip_requirements.txt (line 2))
  Downloading debugpy-1.8.19-cp310-cp310-manylinux_2_34_x86_64.whl.metadata (1.4 kB)
Collecting matplotlib-inline>=0.1 (from ipykernel>=6.5.0->jupyterlab==4.3.5->-r /home/lpelegri/cafpyana/envs/pip_requirements.txt (line 2))
  Using cached matplotlib_inline-0.2.1-py3-none-any.whl.metadata (2.3 kB)
Collecting nest-asyncio>=1.4 (from ipykernel>=6.5.0->jupyterlab==4.3.5->-r /home/lpelegri/cafpyana/envs/pip_requirements.txt (line 2))
  Using cached nest_asyncio-1.6.0-py3-none-any.whl.metadata (2.8 kB)
Collecting psutil>=5.7 (from ipykernel>=6.5.0->jupyterlab==4.3.5->-r /home/lpelegri/cafpyana/envs/pip_requirements.txt (line 2))
  Using cached psutil-7.2.1-cp36-abi3-manylinux2010_x86_64.manylinux_2_12_x86_64.manylinux_2_28_x86_64.whl.metadata (22 kB)
Collecting decorator (from ipython>=6.1.0->ipywidgets->-r /home/lpelegri/cafpyana/envs/pip_requirements.txt (line 11))
  Using cached decorator-5.2.1-py3-none-any.whl.metadata (3.9 kB)
Collecting jedi>=0.16 (from ipython>=6.1.0->ipywidgets->-r /home/lpelegri/cafpyana/envs/pip_requirements.txt (line 11))
  Using cached jedi-0.19.2-py2.py3-none-any.whl.metadata (22 kB)
Collecting pexpect>4.3 (from ipython>=6.1.0->ipywidgets->-r /home/lpelegri/cafpyana/envs/pip_requirements.txt (line 11))
  Using cached pexpect-4.9.0-py2.py3-none-any.whl.metadata (2.5 kB)
Collecting prompt_toolkit<3.1.0,>=3.0.41 (from ipython>=6.1.0->ipywidgets->-r /home/lpelegri/cafpyana/envs/pip_requirements.txt (line 11))
  Using cached prompt_toolkit-3.0.52-py3-none-any.whl.metadata (6.4 kB)
Collecting pygments>=2.4.0 (from ipython>=6.1.0->ipywidgets->-r /home/lpelegri/cafpyana/envs/pip_requirements.txt (line 11))
  Using cached pygments-2.19.2-py3-none-any.whl.metadata (2.5 kB)
Collecting stack_data (from ipython>=6.1.0->ipywidgets->-r /home/lpelegri/cafpyana/envs/pip_requirements.txt (line 11))
  Using cached stack_data-0.6.3-py3-none-any.whl.metadata (18 kB)
Collecting wcwidth (from prompt_toolkit<3.1.0,>=3.0.41->ipython>=6.1.0->ipywidgets->-r /home/lpelegri/cafpyana/envs/pip_requirements.txt (line 11))
  Using cached wcwidth-0.2.14-py2.py3-none-any.whl.metadata (15 kB)
Collecting parso<0.9.0,>=0.8.4 (from jedi>=0.16->ipython>=6.1.0->ipywidgets->-r /home/lpelegri/cafpyana/envs/pip_requirements.txt (line 11))
  Using cached parso-0.8.5-py2.py3-none-any.whl.metadata (8.3 kB)
Collecting MarkupSafe>=2.0 (from jinja2>=3.0.3->jupyterlab==4.3.5->-r /home/lpelegri/cafpyana/envs/pip_requirements.txt (line 2))
  Downloading markupsafe-3.0.3-cp310-cp310-manylinux2014_x86_64.manylinux_2_17_x86_64.manylinux_2_28_x86_64.whl.metadata (2.7 kB)
Collecting attrs>=22.2.0 (from jsonschema>=4.18.0->jupyterlab-server<3,>=2.27.1->jupyterlab==4.3.5->-r /home/lpelegri/cafpyana/envs/pip_requirements.txt (line 2))
  Using cached attrs-25.4.0-py3-none-any.whl.metadata (10 kB)
Collecting jsonschema-specifications>=2023.03.6 (from jsonschema>=4.18.0->jupyterlab-server<3,>=2.27.1->jupyterlab==4.3.5->-r /home/lpelegri/cafpyana/envs/pip_requirements.txt (line 2))
  Using cached jsonschema_specifications-2025.9.1-py3-none-any.whl.metadata (2.9 kB)
Collecting referencing>=0.28.4 (from jsonschema>=4.18.0->jupyterlab-server<3,>=2.27.1->jupyterlab==4.3.5->-r /home/lpelegri/cafpyana/envs/pip_requirements.txt (line 2))
  Downloading referencing-0.37.0-py3-none-any.whl.metadata (2.8 kB)
Collecting rpds-py>=0.25.0 (from jsonschema>=4.18.0->jupyterlab-server<3,>=2.27.1->jupyterlab==4.3.5->-r /home/lpelegri/cafpyana/envs/pip_requirements.txt (line 2))
  Downloading rpds_py-0.30.0-cp310-cp310-manylinux_2_17_x86_64.manylinux2014_x86_64.whl.metadata (4.1 kB)
Collecting python-json-logger>=2.0.4 (from jupyter-events>=0.11.0->jupyter-server<3,>=2.4.0->jupyterlab==4.3.5->-r /home/lpelegri/cafpyana/envs/pip_requirements.txt (line 2))
  Using cached python_json_logger-4.0.0-py3-none-any.whl.metadata (4.0 kB)
Collecting pyyaml>=5.3 (from jupyter-events>=0.11.0->jupyter-server<3,>=2.4.0->jupyterlab==4.3.5->-r /home/lpelegri/cafpyana/envs/pip_requirements.txt (line 2))
  Downloading pyyaml-6.0.3-cp310-cp310-manylinux2014_x86_64.manylinux_2_17_x86_64.manylinux_2_28_x86_64.whl.metadata (2.4 kB)
Collecting rfc3339-validator (from jupyter-events>=0.11.0->jupyter-server<3,>=2.4.0->jupyterlab==4.3.5->-r /home/lpelegri/cafpyana/envs/pip_requirements.txt (line 2))
  Using cached rfc3339_validator-0.1.4-py2.py3-none-any.whl.metadata (1.5 kB)
Collecting rfc3986-validator>=0.1.1 (from jupyter-events>=0.11.0->jupyter-server<3,>=2.4.0->jupyterlab==4.3.5->-r /home/lpelegri/cafpyana/envs/pip_requirements.txt (line 2))
  Using cached rfc3986_validator-0.1.1-py2.py3-none-any.whl.metadata (1.7 kB)
Collecting fqdn (from jsonschema[format-nongpl]>=4.18.0->jupyter-events>=0.11.0->jupyter-server<3,>=2.4.0->jupyterlab==4.3.5->-r /home/lpelegri/cafpyana/envs/pip_requirements.txt (line 2))
  Using cached fqdn-1.5.1-py3-none-any.whl.metadata (1.4 kB)
Collecting isoduration (from jsonschema[format-nongpl]>=4.18.0->jupyter-events>=0.11.0->jupyter-server<3,>=2.4.0->jupyterlab==4.3.5->-r /home/lpelegri/cafpyana/envs/pip_requirements.txt (line 2))
  Using cached isoduration-20.11.0-py3-none-any.whl.metadata (5.7 kB)
Collecting jsonpointer>1.13 (from jsonschema[format-nongpl]>=4.18.0->jupyter-events>=0.11.0->jupyter-server<3,>=2.4.0->jupyterlab==4.3.5->-r /home/lpelegri/cafpyana/envs/pip_requirements.txt (line 2))
  Using cached jsonpointer-3.0.0-py2.py3-none-any.whl.metadata (2.3 kB)
Collecting rfc3987-syntax>=1.1.0 (from jsonschema[format-nongpl]>=4.18.0->jupyter-events>=0.11.0->jupyter-server<3,>=2.4.0->jupyterlab==4.3.5->-r /home/lpelegri/cafpyana/envs/pip_requirements.txt (line 2))
  Using cached rfc3987_syntax-1.1.0-py3-none-any.whl.metadata (7.7 kB)
Collecting uri-template (from jsonschema[format-nongpl]>=4.18.0->jupyter-events>=0.11.0->jupyter-server<3,>=2.4.0->jupyterlab==4.3.5->-r /home/lpelegri/cafpyana/envs/pip_requirements.txt (line 2))
  Using cached uri_template-1.3.0-py3-none-any.whl.metadata (8.8 kB)
Collecting webcolors>=24.6.0 (from jsonschema[format-nongpl]>=4.18.0->jupyter-events>=0.11.0->jupyter-server<3,>=2.4.0->jupyterlab==4.3.5->-r /home/lpelegri/cafpyana/envs/pip_requirements.txt (line 2))
  Downloading webcolors-25.10.0-py3-none-any.whl.metadata (2.2 kB)
Collecting beautifulsoup4 (from nbconvert>=6.4.4->jupyter-server<3,>=2.4.0->jupyterlab==4.3.5->-r /home/lpelegri/cafpyana/envs/pip_requirements.txt (line 2))
  Using cached beautifulsoup4-4.14.3-py3-none-any.whl.metadata (3.8 kB)
Collecting bleach!=5.0.0 (from bleach[css]!=5.0.0->nbconvert>=6.4.4->jupyter-server<3,>=2.4.0->jupyterlab==4.3.5->-r /home/lpelegri/cafpyana/envs/pip_requirements.txt (line 2))
  Downloading bleach-6.3.0-py3-none-any.whl.metadata (31 kB)
Collecting defusedxml (from nbconvert>=6.4.4->jupyter-server<3,>=2.4.0->jupyterlab==4.3.5->-r /home/lpelegri/cafpyana/envs/pip_requirements.txt (line 2))
  Using cached defusedxml-0.7.1-py2.py3-none-any.whl.metadata (32 kB)
Collecting jupyterlab-pygments (from nbconvert>=6.4.4->jupyter-server<3,>=2.4.0->jupyterlab==4.3.5->-r /home/lpelegri/cafpyana/envs/pip_requirements.txt (line 2))
  Using cached jupyterlab_pygments-0.3.0-py3-none-any.whl.metadata (4.4 kB)
Collecting mistune<4,>=2.0.3 (from nbconvert>=6.4.4->jupyter-server<3,>=2.4.0->jupyterlab==4.3.5->-r /home/lpelegri/cafpyana/envs/pip_requirements.txt (line 2))
  Using cached mistune-3.2.0-py3-none-any.whl.metadata (1.9 kB)
Collecting nbclient>=0.5.0 (from nbconvert>=6.4.4->jupyter-server<3,>=2.4.0->jupyterlab==4.3.5->-r /home/lpelegri/cafpyana/envs/pip_requirements.txt (line 2))
  Downloading nbclient-0.10.4-py3-none-any.whl.metadata (8.3 kB)
Collecting pandocfilters>=1.4.1 (from nbconvert>=6.4.4->jupyter-server<3,>=2.4.0->jupyterlab==4.3.5->-r /home/lpelegri/cafpyana/envs/pip_requirements.txt (line 2))
  Using cached pandocfilters-1.5.1-py2.py3-none-any.whl.metadata (9.0 kB)
Collecting webencodings (from bleach!=5.0.0->bleach[css]!=5.0.0->nbconvert>=6.4.4->jupyter-server<3,>=2.4.0->jupyterlab==4.3.5->-r /home/lpelegri/cafpyana/envs/pip_requirements.txt (line 2))
  Using cached webencodings-0.5.1-py2.py3-none-any.whl.metadata (2.1 kB)
Collecting tinycss2<1.5,>=1.1.0 (from bleach[css]!=5.0.0->nbconvert>=6.4.4->jupyter-server<3,>=2.4.0->jupyterlab==4.3.5->-r /home/lpelegri/cafpyana/envs/pip_requirements.txt (line 2))
  Using cached tinycss2-1.4.0-py3-none-any.whl.metadata (3.0 kB)
Collecting fastjsonschema>=2.15 (from nbformat>=5.3.0->jupyter-server<3,>=2.4.0->jupyterlab==4.3.5->-r /home/lpelegri/cafpyana/envs/pip_requirements.txt (line 2))
  Using cached fastjsonschema-2.21.2-py3-none-any.whl.metadata (2.3 kB)
Collecting ptyprocess>=0.5 (from pexpect>4.3->ipython>=6.1.0->ipywidgets->-r /home/lpelegri/cafpyana/envs/pip_requirements.txt (line 11))
  Using cached ptyprocess-0.7.0-py2.py3-none-any.whl.metadata (1.3 kB)
Collecting six>=1.5 (from python-dateutil>=2.8.2->pandas==2.2.2->-r /home/lpelegri/cafpyana/envs/pip_requirements.txt (line 7))
  Using cached six-1.17.0-py2.py3-none-any.whl.metadata (1.7 kB)
Requirement already satisfied: charset-normalizer<4,>=2 in /cvmfs/fermilab.opensciencegrid.org/packages/common/py-charset-normalizer/3.3.0/linux-almalinux9-x86_64_v2-gcc-11.4.1-3acqio4thtvyb72ppli3n37l6er6bl4y/lib/python3.9/site-packages (from requests>=2.31->jupyterlab-server<3,>=2.27.1->jupyterlab==4.3.5->-r /home/lpelegri/cafpyana/envs/pip_requirements.txt (line 2)) (3.3.0)
Requirement already satisfied: urllib3<3,>=1.21.1 in /cvmfs/fermilab.opensciencegrid.org/packages/common/py-urllib3/2.0.6/linux-almalinux9-x86_64_v2-gcc-11.4.1-bmjk2ygp2lx6vdxyxsstxlyoglcjn5sb/lib/python3.9/site-packages (from requests>=2.31->jupyterlab-server<3,>=2.27.1->jupyterlab==4.3.5->-r /home/lpelegri/cafpyana/envs/pip_requirements.txt (line 2)) (2.0.6)
Collecting lark>=1.2.2 (from rfc3987-syntax>=1.1.0->jsonschema[format-nongpl]>=4.18.0->jupyter-events>=0.11.0->jupyter-server<3,>=2.4.0->jupyterlab==4.3.5->-r /home/lpelegri/cafpyana/envs/pip_requirements.txt (line 2))
  Using cached lark-1.3.1-py3-none-any.whl.metadata (1.8 kB)
Collecting soupsieve>=1.6.1 (from beautifulsoup4->nbconvert>=6.4.4->jupyter-server<3,>=2.4.0->jupyterlab==4.3.5->-r /home/lpelegri/cafpyana/envs/pip_requirements.txt (line 2))
  Using cached soupsieve-2.8.1-py3-none-any.whl.metadata (4.6 kB)
Collecting arrow>=0.15.0 (from isoduration->jsonschema[format-nongpl]>=4.18.0->jupyter-events>=0.11.0->jupyter-server<3,>=2.4.0->jupyterlab==4.3.5->-r /home/lpelegri/cafpyana/envs/pip_requirements.txt (line 2))
  Using cached arrow-1.4.0-py3-none-any.whl.metadata (7.7 kB)
Collecting executing>=1.2.0 (from stack_data->ipython>=6.1.0->ipywidgets->-r /home/lpelegri/cafpyana/envs/pip_requirements.txt (line 11))
  Using cached executing-2.2.1-py2.py3-none-any.whl.metadata (8.9 kB)
Collecting asttokens>=2.1.0 (from stack_data->ipython>=6.1.0->ipywidgets->-r /home/lpelegri/cafpyana/envs/pip_requirements.txt (line 11))
  Using cached asttokens-3.0.1-py3-none-any.whl.metadata (4.9 kB)
Collecting pure-eval (from stack_data->ipython>=6.1.0->ipywidgets->-r /home/lpelegri/cafpyana/envs/pip_requirements.txt (line 11))
  Using cached pure_eval-0.2.3-py3-none-any.whl.metadata (6.3 kB)
Using cached jupyterlab-4.3.5-py3-none-any.whl (11.7 MB)
Using cached uproot-5.5.1-py3-none-any.whl (362 kB)
Downloading pandas-2.2.2-cp310-cp310-manylinux_2_17_x86_64.manylinux2014_x86_64.whl (13.0 MB)
   ━━━━━━━━━━━━━━━━━━━━━━━━━━━━━━━━━━━━━━━━ 13.0/13.0 MB 50.4 MB/s  0:00:00
Using cached jupyter_server-2.17.0-py3-none-any.whl (388 kB)
Using cached jupyterlab_server-2.28.0-py3-none-any.whl (59 kB)
Downloading cffi-2.0.0-cp310-cp310-manylinux2014_x86_64.manylinux_2_17_x86_64.whl (216 kB)
Downloading matplotlib-3.10.8-cp310-cp310-manylinux2014_x86_64.manylinux_2_17_x86_64.whl (8.7 MB)
   ━━━━━━━━━━━━━━━━━━━━━━━━━━━━━━━━━━━━━━━━ 8.7/8.7 MB 37.8 MB/s  0:00:00
Downloading scipy-1.15.3-cp310-cp310-manylinux_2_17_x86_64.manylinux2014_x86_64.whl (37.7 MB)
   ━━━━━━━━━━━━━━━━━━━━━━━━━━━━━━━━━━━━━━━━ 37.7/37.7 MB 84.9 MB/s  0:00:00
Using cached awkward_pandas-2023.8.0-py3-none-any.whl (11 kB)
Using cached nbstripout-0.8.2-py2.py3-none-any.whl (17 kB)
Using cached tqdm-4.67.1-py3-none-any.whl (78 kB)
Using cached ipywidgets-8.1.8-py3-none-any.whl (139 kB)
Using cached jupyterlab_widgets-3.0.16-py3-none-any.whl (914 kB)
Using cached widgetsnbextension-4.0.15-py3-none-any.whl (2.2 MB)
Using cached dill-0.4.0-py3-none-any.whl (119 kB)
Downloading h5py-3.15.1-cp310-cp310-manylinux_2_27_x86_64.manylinux_2_28_x86_64.whl (4.7 MB)
   ━━━━━━━━━━━━━━━━━━━━━━━━━━━━━━━━━━━━━━━━ 4.7/4.7 MB 32.6 MB/s  0:00:00
Downloading tables-3.10.1-cp310-cp310-manylinux_2_17_x86_64.manylinux2014_x86_64.whl (7.6 MB)
   ━━━━━━━━━━━━━━━━━━━━━━━━━━━━━━━━━━━━━━━━ 7.6/7.6 MB 34.5 MB/s  0:00:00
Using cached emcee-3.1.6-py2.py3-none-any.whl (47 kB)
Using cached corner-2.2.3-py3-none-any.whl (15 kB)
Downloading lz4-4.4.5-cp310-cp310-manylinux2014_x86_64.manylinux_2_17_x86_64.manylinux_2_28_x86_64.whl (1.4 MB)
   ━━━━━━━━━━━━━━━━━━━━━━━━━━━━━━━━━━━━━━━━ 1.4/1.4 MB 30.0 MB/s  0:00:00
Downloading xxhash-3.6.0-cp310-cp310-manylinux2014_x86_64.manylinux_2_17_x86_64.manylinux_2_28_x86_64.whl (193 kB)
Using cached fsspec_xrootd-0.5.1-py3-none-any.whl (13 kB)
Using cached anyio-4.12.1-py3-none-any.whl (113 kB)
Using cached argon2_cffi-25.1.0-py3-none-any.whl (14 kB)
Using cached async_lru-2.0.5-py3-none-any.whl (6.1 kB)
Using cached awkward-2.8.11-py3-none-any.whl (909 kB)
Downloading awkward_cpp-51-cp310-cp310-manylinux2014_x86_64.manylinux_2_17_x86_64.whl (654 kB)
   ━━━━━━━━━━━━━━━━━━━━━━━━━━━━━━━━━━━━━━━━ 654.6/654.6 kB 15.4 MB/s  0:00:00
Using cached babel-2.17.0-py3-none-any.whl (10.2 MB)
Downloading blosc2-3.12.2-cp310-cp310-manylinux2014_x86_64.manylinux_2_17_x86_64.whl (4.5 MB)
   ━━━━━━━━━━━━━━━━━━━━━━━━━━━━━━━━━━━━━━━━ 4.5/4.5 MB 49.9 MB/s  0:00:00
Using cached comm-0.2.3-py3-none-any.whl (7.3 kB)
Downloading contourpy-1.3.2-cp310-cp310-manylinux_2_17_x86_64.manylinux2014_x86_64.whl (325 kB)
Downloading cramjam-2.11.0-cp310-cp310-manylinux_2_17_x86_64.manylinux2014_x86_64.whl (2.0 MB)
   ━━━━━━━━━━━━━━━━━━━━━━━━━━━━━━━━━━━━━━━━ 2.0/2.0 MB 21.6 MB/s  0:00:00
Using cached cycler-0.12.1-py3-none-any.whl (8.3 kB)
Using cached exceptiongroup-1.3.1-py3-none-any.whl (16 kB)
Downloading fonttools-4.61.1-cp310-cp310-manylinux2014_x86_64.manylinux_2_17_x86_64.whl (4.9 MB)
   ━━━━━━━━━━━━━━━━━━━━━━━━━━━━━━━━━━━━━━━━ 4.9/4.9 MB 48.0 MB/s  0:00:00
Downloading fsspec-2025.12.0-py3-none-any.whl (201 kB)
Using cached httpx-0.28.1-py3-none-any.whl (73 kB)
Using cached httpcore-1.0.9-py3-none-any.whl (78 kB)
Using cached h11-0.16.0-py3-none-any.whl (37 kB)
Using cached importlib_metadata-8.7.1-py3-none-any.whl (27 kB)
Downloading ipykernel-7.1.0-py3-none-any.whl (117 kB)
Downloading debugpy-1.8.19-cp310-cp310-manylinux_2_34_x86_64.whl (3.1 MB)
   ━━━━━━━━━━━━━━━━━━━━━━━━━━━━━━━━━━━━━━━━ 3.1/3.1 MB 50.1 MB/s  0:00:00
Downloading ipython-8.38.0-py3-none-any.whl (831 kB)
   ━━━━━━━━━━━━━━━━━━━━━━━━━━━━━━━━━━━━━━━━ 831.8/831.8 kB 21.0 MB/s  0:00:00
Using cached prompt_toolkit-3.0.52-py3-none-any.whl (391 kB)
Using cached jedi-0.19.2-py2.py3-none-any.whl (1.6 MB)
Using cached parso-0.8.5-py2.py3-none-any.whl (106 kB)
Using cached jinja2-3.1.6-py3-none-any.whl (134 kB)
Using cached json5-0.13.0-py3-none-any.whl (36 kB)
Downloading jsonschema-4.26.0-py3-none-any.whl (90 kB)
Using cached attrs-25.4.0-py3-none-any.whl (67 kB)
Using cached jsonschema_specifications-2025.9.1-py3-none-any.whl (18 kB)
Downloading jupyter_client-8.7.0-py3-none-any.whl (106 kB)
Downloading jupyter_core-5.9.1-py3-none-any.whl (29 kB)
Using cached jupyter_events-0.12.0-py3-none-any.whl (19 kB)
Using cached jsonpointer-3.0.0-py2.py3-none-any.whl (7.6 kB)
Using cached jupyter_lsp-2.3.0-py3-none-any.whl (76 kB)
Using cached jupyter_server_terminals-0.5.3-py3-none-any.whl (13 kB)
Downloading kiwisolver-1.4.9-cp310-cp310-manylinux_2_12_x86_64.manylinux2010_x86_64.whl (1.6 MB)
   ━━━━━━━━━━━━━━━━━━━━━━━━━━━━━━━━━━━━━━━━ 1.6/1.6 MB 33.4 MB/s  0:00:00
Downloading markupsafe-3.0.3-cp310-cp310-manylinux2014_x86_64.manylinux_2_17_x86_64.manylinux_2_28_x86_64.whl (20 kB)
Using cached matplotlib_inline-0.2.1-py3-none-any.whl (9.5 kB)
Using cached nbconvert-7.16.6-py3-none-any.whl (258 kB)
Using cached mistune-3.2.0-py3-none-any.whl (53 kB)
Downloading bleach-6.3.0-py3-none-any.whl (164 kB)
Using cached tinycss2-1.4.0-py3-none-any.whl (26 kB)
Downloading nbclient-0.10.4-py3-none-any.whl (25 kB)
Using cached nbformat-5.10.4-py3-none-any.whl (78 kB)
Using cached fastjsonschema-2.21.2-py3-none-any.whl (24 kB)
Using cached nest_asyncio-1.6.0-py3-none-any.whl (5.2 kB)
Using cached notebook_shim-0.2.4-py3-none-any.whl (13 kB)
Downloading numexpr-2.14.1-cp310-cp310-manylinux_2_27_x86_64.manylinux_2_28_x86_64.whl (440 kB)
Using cached overrides-7.7.0-py3-none-any.whl (17 kB)
Using cached packaging-25.0-py3-none-any.whl (66 kB)
Using cached pandocfilters-1.5.1-py2.py3-none-any.whl (8.7 kB)
Using cached pexpect-4.9.0-py2.py3-none-any.whl (63 kB)
Downloading pillow-12.1.0-cp310-cp310-manylinux_2_27_x86_64.manylinux_2_28_x86_64.whl (7.0 MB)
   ━━━━━━━━━━━━━━━━━━━━━━━━━━━━━━━━━━━━━━━━ 7.0/7.0 MB 58.6 MB/s  0:00:00
Downloading platformdirs-4.5.1-py3-none-any.whl (18 kB)
Using cached prometheus_client-0.23.1-py3-none-any.whl (61 kB)
Using cached psutil-7.2.1-cp36-abi3-manylinux2010_x86_64.manylinux_2_12_x86_64.manylinux_2_28_x86_64.whl (154 kB)
Using cached ptyprocess-0.7.0-py2.py3-none-any.whl (13 kB)
Using cached pygments-2.19.2-py3-none-any.whl (1.2 MB)
Using cached pyparsing-3.3.1-py3-none-any.whl (121 kB)
Using cached python_dateutil-2.9.0.post0-py2.py3-none-any.whl (229 kB)
Using cached python_json_logger-4.0.0-py3-none-any.whl (15 kB)
Using cached pytz-2025.2-py2.py3-none-any.whl (509 kB)
Downloading pyyaml-6.0.3-cp310-cp310-manylinux2014_x86_64.manylinux_2_17_x86_64.manylinux_2_28_x86_64.whl (770 kB)
   ━━━━━━━━━━━━━━━━━━━━━━━━━━━━━━━━━━━━━━━━ 770.3/770.3 kB 16.9 MB/s  0:00:00
Downloading pyzmq-27.1.0-cp310-cp310-manylinux_2_26_x86_64.manylinux_2_28_x86_64.whl (854 kB)
   ━━━━━━━━━━━━━━━━━━━━━━━━━━━━━━━━━━━━━━━━ 854.1/854.1 kB 17.5 MB/s  0:00:00
Downloading referencing-0.37.0-py3-none-any.whl (26 kB)
Using cached rfc3986_validator-0.1.1-py2.py3-none-any.whl (4.2 kB)
Using cached rfc3987_syntax-1.1.0-py3-none-any.whl (8.0 kB)
Using cached lark-1.3.1-py3-none-any.whl (113 kB)
Downloading rpds_py-0.30.0-cp310-cp310-manylinux_2_17_x86_64.manylinux2014_x86_64.whl (390 kB)
Using cached send2trash-2.0.0-py3-none-any.whl (17 kB)
Using cached six-1.17.0-py2.py3-none-any.whl (11 kB)
Using cached terminado-0.18.1-py3-none-any.whl (14 kB)
Using cached tomli-2.3.0-py3-none-any.whl (14 kB)
Using cached tornado-6.5.4-cp39-abi3-manylinux_2_5_x86_64.manylinux1_x86_64.manylinux_2_17_x86_64.manylinux2014_x86_64.whl (445 kB)
Using cached traitlets-5.14.3-py3-none-any.whl (85 kB)
Using cached typing_extensions-4.15.0-py3-none-any.whl (44 kB)
Using cached tzdata-2025.3-py2.py3-none-any.whl (348 kB)
Downloading webcolors-25.10.0-py3-none-any.whl (14 kB)
Using cached webencodings-0.5.1-py2.py3-none-any.whl (11 kB)
Using cached websocket_client-1.9.0-py3-none-any.whl (82 kB)
Using cached zipp-3.23.0-py3-none-any.whl (10 kB)
Using cached argon2_cffi_bindings-25.1.0-cp39-abi3-manylinux_2_26_x86_64.manylinux_2_28_x86_64.whl (87 kB)
Using cached beautifulsoup4-4.14.3-py3-none-any.whl (107 kB)
Using cached soupsieve-2.8.1-py3-none-any.whl (36 kB)
Using cached decorator-5.2.1-py3-none-any.whl (9.2 kB)
Using cached defusedxml-0.7.1-py2.py3-none-any.whl (25 kB)
Using cached fqdn-1.5.1-py3-none-any.whl (9.1 kB)
Using cached isoduration-20.11.0-py3-none-any.whl (11 kB)
Using cached arrow-1.4.0-py3-none-any.whl (68 kB)
Using cached jupyterlab_pygments-0.3.0-py3-none-any.whl (15 kB)
Downloading msgpack-1.1.2-cp310-cp310-manylinux2014_x86_64.manylinux_2_17_x86_64.manylinux_2_28_x86_64.whl (406 kB)
Downloading ndindex-1.10.1-cp310-cp310-manylinux_2_24_x86_64.manylinux_2_28_x86_64.whl (495 kB)
Using cached py_cpuinfo-9.0.0-py3-none-any.whl (22 kB)
Using cached pycparser-2.23-py3-none-any.whl (118 kB)
Using cached rfc3339_validator-0.1.4-py2.py3-none-any.whl (3.5 kB)
Using cached stack_data-0.6.3-py3-none-any.whl (24 kB)
Using cached asttokens-3.0.1-py3-none-any.whl (27 kB)
Using cached executing-2.2.1-py2.py3-none-any.whl (28 kB)
Using cached pure_eval-0.2.3-py3-none-any.whl (11 kB)
Using cached uri_template-1.3.0-py3-none-any.whl (11 kB)
Using cached wcwidth-0.2.14-py2.py3-none-any.whl (37 kB)
Installing collected packages: webencodings, pytz, py-cpuinfo, pure-eval, ptyprocess, fastjsonschema, zipp, xxhash, widgetsnbextension, websocket-client, webcolors, wcwidth, uri-template, tzdata, typing-extensions, traitlets, tqdm, tornado, tomli, tinycss2, soupsieve, six, send2trash, scipy, rpds-py, rfc3986-validator, pyzmq, pyyaml, python-json-logger, pyparsing, pygments, pycparser, psutil, prometheus-client, platformdirs, pillow, pexpect, parso, pandocfilters, packaging, overrides, numexpr, nest-asyncio, ndindex, msgpack, MarkupSafe, lz4, lark, kiwisolver, jupyterlab_widgets, jupyterlab-pygments, jsonpointer, json5, h5py, h11, fsspec, fqdn, fonttools, executing, emcee, dill, defusedxml, decorator, debugpy, cycler, cramjam, contourpy, comm, bleach, babel, awkward-cpp, attrs, asttokens, terminado, stack_data, rfc3987-syntax, rfc3339-validator, referencing, python-dateutil, prompt_toolkit, mistune, matplotlib-inline, jupyter-core, jinja2, jedi, importlib-metadata, httpcore, fsspec-xrootd, exceptiongroup, cffi, blosc2, beautifulsoup4, async-lru, tables, pandas, matplotlib, jupyter-server-terminals, jupyter-client, jsonschema-specifications, ipython, awkward, arrow, argon2-cffi-bindings, anyio, uproot, jsonschema, isoduration, ipywidgets, ipykernel, httpx, corner, awkward-pandas, argon2-cffi, nbformat, nbstripout, nbclient, jupyter-events, nbconvert, jupyter-server, notebook-shim, jupyterlab-server, jupyter-lsp, jupyterlab

Successfully installed MarkupSafe-3.0.3 anyio-4.12.1 argon2-cffi-25.1.0 argon2-cffi-bindings-25.1.0 arrow-1.4.0 asttokens-3.0.1 async-lru-2.0.5 attrs-25.4.0 awkward-2.8.11 awkward-cpp-51 awkward-pandas-2023.8.0 babel-2.17.0 beautifulsoup4-4.14.3 bleach-6.3.0 blosc2-3.12.2 cffi-2.0.0 comm-0.2.3 contourpy-1.3.2 corner-2.2.3 cramjam-2.11.0 cycler-0.12.1 debugpy-1.8.19 decorator-5.2.1 defusedxml-0.7.1 dill-0.4.0 emcee-3.1.6 exceptiongroup-1.3.1 executing-2.2.1 fastjsonschema-2.21.2 fonttools-4.61.1 fqdn-1.5.1 fsspec-2025.12.0 fsspec-xrootd-0.5.1 h11-0.16.0 h5py-3.15.1 httpcore-1.0.9 httpx-0.28.1 importlib-metadata-8.7.1 ipykernel-7.1.0 ipython-8.38.0 ipywidgets-8.1.8 isoduration-20.11.0 jedi-0.19.2 jinja2-3.1.6 json5-0.13.0 jsonpointer-3.0.0 jsonschema-4.26.0 jsonschema-specifications-2025.9.1 jupyter-client-8.7.0 jupyter-core-5.9.1 jupyter-events-0.12.0 jupyter-lsp-2.3.0 jupyter-server-2.17.0 jupyter-server-terminals-0.5.3 jupyterlab-4.3.5 jupyterlab-pygments-0.3.0 jupyterlab-server-2.28.0 jupyterlab_widgets-3.0.16 kiwisolver-1.4.9 lark-1.3.1 lz4-4.4.5 matplotlib-3.10.8 matplotlib-inline-0.2.1 mistune-3.2.0 msgpack-1.1.2 nbclient-0.10.4 nbconvert-7.16.6 nbformat-5.10.4 nbstripout-0.8.2 ndindex-1.10.1 nest-asyncio-1.6.0 notebook-shim-0.2.4 numexpr-2.14.1 overrides-7.7.0 packaging-25.0 pandas-2.2.2 pandocfilters-1.5.1 parso-0.8.5 pexpect-4.9.0 pillow-12.1.0 platformdirs-4.5.1 prometheus-client-0.23.1 prompt_toolkit-3.0.52 psutil-7.2.1 ptyprocess-0.7.0 pure-eval-0.2.3 py-cpuinfo-9.0.0 pycparser-2.23 pygments-2.19.2 pyparsing-3.3.1 python-dateutil-2.9.0.post0 python-json-logger-4.0.0 pytz-2025.2 pyyaml-6.0.3 pyzmq-27.1.0 referencing-0.37.0 rfc3339-validator-0.1.4 rfc3986-validator-0.1.1 rfc3987-syntax-1.1.0 rpds-py-0.30.0 scipy-1.15.3 send2trash-2.0.0 six-1.17.0 soupsieve-2.8.1 stack_data-0.6.3 tables-3.10.1 terminado-0.18.1 tinycss2-1.4.0 tomli-2.3.0 tornado-6.5.4 tqdm-4.67.1 traitlets-5.14.3 typing-extensions-4.15.0 tzdata-2025.3 uproot-5.5.1 uri-template-1.3.0 wcwidth-0.2.14 webcolors-25.10.0 webencodings-0.5.1 websocket-client-1.9.0 widgetsnbextension-4.0.15 xxhash-3.6.0 zipp-3.23.0
