Tue Apr 28 01:57:10 PM UTC 2026
checking for gcc... gcc
checking whether the C compiler works... yes
checking for C compiler default output file name... a.out
checking for suffix of executables... 
checking whether we are cross compiling... no
checking for suffix of object files... o
checking whether the compiler supports GNU C... yes
checking whether gcc accepts -g... yes
checking for gcc option to enable C11 features... none needed
checking whether gcc understands -c and -o together... yes
checking for stdio.h... yes
checking for stdlib.h... yes
checking for string.h... yes
checking for inttypes.h... yes
checking for stdint.h... yes
checking for strings.h... yes
checking for sys/stat.h... yes
checking for sys/types.h... yes
checking for unistd.h... yes
checking for wchar.h... yes
checking for minix/config.h... no
checking whether it is safe to define __EXTENSIONS__... yes
checking whether _XOPEN_SOURCE should be defined... no
checking for a BSD-compatible install... /usr/bin/install -c
checking whether build environment is sane... yes
checking for a race-free mkdir -p... /usr/bin/mkdir -p
checking for gawk... gawk
checking whether make sets $(MAKE)... yes
checking whether make supports the include directive... yes (GNU style)
checking whether make supports nested variables... yes
checking how to create a pax tar archive... gnutar
checking dependency style of gcc... gcc3
checking whether make supports nested variables... (cached) yes
checking for ar... ar
checking the archiver (ar) interface... ar
checking for gcc... (cached) gcc
checking whether the compiler supports GNU C... (cached) yes
checking whether gcc accepts -g... (cached) yes
checking for gcc option to enable C11 features... (cached) none needed
checking whether gcc understands -c and -o together... (cached) yes
checking for bison... no
checking for byacc... no
checking build system type... x86_64-pc-linux-gnu
checking host system type... x86_64-pc-linux-gnu
checking for an ANSI C-conforming const... yes
checking for working volatile... yes
checking how to run the C preprocessor... gcc -E
checking whether compiler handles -fno-common... yes
checking whether compiler handles -Wall... yes
checking whether compiler handles -Wextra... yes
checking whether compiler handles -Waddress-of-packed-member... yes
checking whether compiler handles -Wdiscarded-qualifiers... yes
checking whether compiler handles -Wembedded-directive... no
checking whether compiler handles -Wextra-semi... no
checking whether compiler handles -Wformat-security... no
checking whether compiler handles -Wimplicit-function-declaration... yes
checking whether compiler handles -Wmissing-declarations... yes
checking whether compiler handles -Wmissing-parameter-type... yes
checking whether compiler handles -Wmissing-prototypes... yes
checking whether compiler handles -Wnested-externs... yes
checking whether compiler handles -Wno-missing-field-initializers... yes
checking whether compiler handles -Wold-style-definition... yes
checking whether compiler handles -Wpointer-arith... yes
checking whether compiler handles -Wredundant-decls... yes
checking whether compiler handles -Wsign-compare... yes
checking whether compiler handles -Wstrict-prototypes... yes
checking whether compiler handles -Wtype-limits... yes
checking whether compiler handles -Wuninitialized... yes
checking whether compiler handles -Wunused-but-set-parameter... yes
checking whether compiler handles -Wunused-but-set-variable... yes
checking whether compiler handles -Wunused-parameter... yes
checking whether compiler handles -Wunused-result... yes
checking whether compiler handles -Wunused-variable... yes
checking whether compiler handles -Werror=sequence-point... yes
checking whether compiler handles -Wno-clobbered... yes
checking whether compiler handles -Wno-cast-function-type... yes
checking whether compiler handles -Wno-unused-parameter... yes
checking for g++... g++
checking whether the compiler supports GNU C++... yes
checking whether g++ accepts -g... yes
checking for g++ option to enable C++11 features... none needed
checking dependency style of g++... gcc3
checking how to print strings... printf
checking for a sed that does not truncate output... /usr/bin/sed
checking for grep that handles long lines and -e... /usr/bin/grep
checking for egrep... /usr/bin/grep -E
checking for fgrep... /usr/bin/grep -F
checking for ld used by gcc... /usr/bin/ld
checking if the linker (/usr/bin/ld) is GNU ld... yes
checking for BSD- or MS-compatible name lister (nm)... /usr/bin/nm -B
checking the name lister (/usr/bin/nm -B) interface... BSD nm
checking whether ln -s works... yes
checking the maximum length of command line arguments... 1572864
checking how to convert x86_64-pc-linux-gnu file names to x86_64-pc-linux-gnu format... func_convert_file_noop
checking how to convert x86_64-pc-linux-gnu file names to toolchain format... func_convert_file_noop
checking for /usr/bin/ld option to reload object files... -r
checking for file... no
checking for objdump... objdump
checking how to recognize dependent libraries... pass_all
checking for dlltool... no
checking how to associate runtime and link libraries... printf %s\n
checking for archiver @FILE support... @
checking for strip... strip
checking for ranlib... ranlib
checking command to parse /usr/bin/nm -B output from gcc object... ok
checking for sysroot... no
checking for a working dd... /usr/bin/dd
checking how to truncate binary pipes... /usr/bin/dd bs=4096 count=1
checking for mt... no
checking if : is a manifest tool... no
checking for dlfcn.h... yes
checking for objdir... .libs
checking if gcc supports -fno-rtti -fno-exceptions... no
checking for gcc option to produce PIC... -fPIC -DPIC
checking if gcc PIC flag -fPIC -DPIC works... yes
checking if gcc static flag -static works... no
checking if gcc supports -c -o file.o... yes
checking if gcc supports -c -o file.o... (cached) yes
checking whether the gcc linker (/usr/bin/ld) supports shared libraries... yes
checking whether -lc should be explicitly linked in... no
checking dynamic linker characteristics... GNU/Linux ld.so
checking how to hardcode library paths into programs... immediate
checking whether stripping libraries is possible... yes
checking if libtool supports shared libraries... yes
checking whether to build shared libraries... yes
checking whether to build static libraries... yes
checking how to run the C++ preprocessor... g++ -E
checking for ld used by g++... /usr/bin/ld
checking if the linker (/usr/bin/ld) is GNU ld... yes
checking whether the g++ linker (/usr/bin/ld) supports shared libraries... yes
checking for g++ option to produce PIC... -fPIC -DPIC
checking if g++ PIC flag -fPIC -DPIC works... yes
checking if g++ static flag -static works... no
checking if g++ supports -c -o file.o... yes
checking if g++ supports -c -o file.o... (cached) yes
checking whether the g++ linker (/usr/bin/ld) supports shared libraries... yes
checking dynamic linker characteristics... (cached) GNU/Linux ld.so
checking how to hardcode library paths into programs... immediate
checking linker version script flag... --version-script
checking if version scripts can use complex wildcards... yes
checking for pkg-config... /usr/bin/pkg-config
checking pkg-config is at least version 0.9.0... yes
checking whether to build gtk-doc documentation... no
checking for gtkdoc-check... no
checking for xsltproc... /usr/bin/xsltproc
checking for special C compiler options needed for large files... no
checking for _FILE_OFFSET_BITS value needed for large files... no
checking whether to enable assertions... yes
checking whether struct tm is in sys/time.h or time.h... time.h
checking for gcc options needed to detect all undeclared functions... none needed
checking for struct tm.tm_zone... yes
checking whether NLS is requested... yes
checking for msgfmt... /usr/bin/msgfmt
checking for gmsgfmt... /usr/bin/msgfmt
checking for xgettext... /usr/bin/xgettext
checking for msgmerge... /usr/bin/msgmerge
checking for ld used by gcc... /usr/bin/ld
checking if the linker (/usr/bin/ld) is GNU ld... yes
checking for shared library run path origin... done
checking for CFPreferencesCopyAppValue... no
checking for CFLocaleCopyCurrent... no
checking for GNU gettext in libc... yes
checking whether to use NLS... yes
checking where the gettext function comes from... libc
checking for linux/compiler.h... no
checking for linux/blkpg.h... yes
checking for linux/major.h... yes
checking for asm-generic/fcntl.h... yes
checking for asm/fcntl.h... yes
checking for asm/io.h... no
checking for byteswap.h... yes
checking for endian.h... yes
checking for err.h... yes
checking for errno.h... yes
checking for fcntl.h... yes
checking for getopt.h... yes
checking for inttypes.h... (cached) yes
checking for lastlog.h... yes
checking for libutil.h... no
checking for linux/blkzoned.h... yes
checking for linux/btrfs.h... yes
checking for linux/capability.h... yes
checking for linux/cdrom.h... yes
checking for linux/falloc.h... yes
checking for linux/fd.h... yes
checking for linux/fiemap.h... yes
checking for linux/kcmp.h... yes
checking for linux/net_namespace.h... yes
checking for linux/nsfs.h... yes
checking for linux/pr.h... yes
checking for linux/raw.h... no
checking for linux/securebits.h... yes
checking for linux/tiocl.h... yes
checking for linux/version.h... yes
checking for linux/watchdog.h... yes
checking for linux/if_alg.h... yes
checking for locale.h... yes
checking for mntent.h... yes
checking for net/if_dl.h... no
checking for net/if.h... yes
checking for netinet/in.h... yes
checking for paths.h... yes
checking for pty.h... yes
checking for security/pam_appl.h... no
checking for shadow.h... yes
checking for stdint.h... (cached) yes
checking for stdio_ext.h... yes
checking for stdlib.h... (cached) yes
checking for sys/disk.h... no
checking for sys/disklabel.h... no
checking for sys/endian.h... no
checking for sys/file.h... yes
checking for sys/ioccom.h... no
checking for sys/ioctl.h... yes
checking for sys/io.h... yes
checking for sys/mkdev.h... no
checking for sys/mount.h... yes
checking for sys/param.h... yes
checking for sys/pidfd.h... no
checking for sys/prctl.h... yes
checking for sys/resource.h... yes
checking for sys/sendfile.h... yes
checking for sys/signalfd.h... yes
checking for sys/socket.h... yes
checking for sys/sockio.h... no
checking for sys/stat.h... (cached) yes
checking for sys/statfs.h... yes
checking for sys/swap.h... yes
checking for sys/syscall.h... yes
checking for sys/sysmacros.h... yes
checking for sys/time.h... yes
checking for sys/timex.h... yes
checking for sys/ttydefaults.h... yes
checking for sys/types.h... (cached) yes
checking for sys/ucred.h... no
checking for sys/un.h... yes
checking for sys/vfs.h... yes
checking for sys/xattr.h... yes
checking for unistd.h... (cached) yes
checking for utmp.h... yes
checking for utmpx.h... yes
checking for linux/fs.h... no
checking for linux/mount.h... yes
checking for linux/gsmmux.h... yes
checking for security/pam_misc.h... no
checking whether BLK_ZONE_REP_CAPACITY is declared... yes
checking whether PR_REP_CAPACITY is declared... no
checking for security/openpam.h... no
checking for langinfo.h... yes
checking whether langinfo.h defines ALTMON_x constants... yes
checking whether langinfo.h defines _NL_ABALTMON_x constants... yes
checking for struct mount_attr... yes
checking for enum fsconfig_command... yes
checking for struct termios.c_line... yes
checking for struct stat.st_mtim.tv_nsec... yes
checking for struct statx... yes
checking for struct statx.stx_mnt_id... yes
checking whether _NL_TIME_WEEK_1STDAY is declared... yes
checking whether environ is declared... yes
checking whether strsignal is declared... yes
checking whether TIOCGLCKTRMIOS is declared... yes
checking whether SOCK_CLOEXEC is declared... yes
checking whether SOCK_NONBLOCK is declared... yes
checking whether SO_PASSCRED is declared... yes
checking for clearenv... yes
checking for close_range... yes
checking for eaccess... yes
checking for err... yes
checking for errx... yes
checking for explicit_bzero... yes
checking for __fpending... yes
checking for __fpurge... yes
checking for fpurge... no
checking for fnmatch... yes
checking for fsconfig... no
checking for fsmount... no
checking for fsopen... no
checking for fspick... no
checking for fsync... yes
checking for getdomainname... yes
checking for getdtablesize... yes
checking for getexecname... no
checking for getmntinfo... no
checking for getrandom... yes
checking for getrlimit... yes
checking for getsgnam... yes
checking for getttynam... yes
checking for inotify_init... yes
checking for jrand48... yes
checking for lchown... yes
checking for lgetxattr... yes
checking for llistxattr... yes
checking for llseek... no
checking for newlocale... yes
checking for mempcpy... yes
checking for mkostemp... yes
checking for move_mount... no
checking for mount_setattr... no
checking for nanosleep... yes
checking for ntp_gettime... yes
checking for open_tree... no
checking for personality... yes
checking for pidfd_open... no
checking for pidfd_send_signal... no
checking for posix_fadvise... yes
checking for prctl... yes
checking for qsort_r... yes
checking for rpmatch... yes
checking for scandirat... yes
checking for sched_setattr... yes
checking for sched_setscheduler... yes
checking for __secure_getenv... no
checking for secure_getenv... yes
checking for sendfile... yes
checking for setprogname... no
checking for setresgid... yes
checking for setresuid... yes
checking for sigqueue... yes
checking for srandom... yes
checking for statx... yes
checking for strnchr... no
checking for strndup... yes
checking for strnlen... yes
checking for strtod_l... yes
checking for sysconf... yes
checking for sysinfo... yes
checking for timegm... yes
checking for usleep... yes
checking for uselocale... yes
checking for utimensat... yes
checking for vwarnx... yes
checking for warn... yes
checking for warnx... yes
checking for _LARGEFILE_SOURCE value needed for large files... no
checking for futimens... yes
checking for getusershell... yes
checking for inotify_init1... yes
checking for ioperm... yes
checking for iopl... yes
checking for openat... yes
checking for fstatat... yes
checking for unlinkat... yes
checking for open_memstream... yes
checking for reboot... yes
checking for updwtmpx... yes
checking for updwtmpx... (cached) yes
checking for syscall setns... SYS_setns
checking for syscall pidfd_open... SYS_pidfd_open
checking for syscall pidfd_send_signal... SYS_pidfd_send_signal
checking for syscall close_range... SYS_close_range
checking for syscall fsconfig... SYS_fsconfig
checking for syscall fsmount... SYS_fsmount
checking for syscall fsopen... SYS_fsopen
checking for syscall fspick... SYS_fspick
checking for syscall mount_setattr... SYS_mount_setattr
checking for syscall move_mount... SYS_move_mount
checking for syscall open_tree... SYS_open_tree
checking for isnan... yes
checking for clock_gettime... yes
checking for timer_create... yes
checking for rtas_get_sysparm in -lrtas... no
checking for struct sockaddr.sa_len... no
checking for library containing socket... none required
checking for dirfd... yes
checking whether program_invocation_short_name is defined... yes
checking whether __progname is defined... yes
checking whether IOC_OPAL_GET_STATUS is declared... yes
configure: re-use already generated man-pages.
checking whether the target supports thread-local storage... yes
checking for openpty in -lutil... yes
checking for union semun... no
checking for loff_t... yes
checking wchar_t support... yes
checking for cpu_set_t... yes
checking for sighandler_t... yes
checking whether CPU_ALLOC is declared... yes
checking for crypt.h... yes
checking for udev_new in -ludev... no
checking for ncursesw6-config... ncursesw6-config
checking for ncursesw/ncurses.h... no
checking for ncursesw/term.h... no
checking for ncurses.h... no
checking for term.h... no
checking for ncurses6-config... ncurses6-config
checking for ncurses/ncurses.h... no
checking for ncurses/term.h... no
checking for ncurses.h... (cached) no
checking for term.h... (cached) no
checking for tinfo... no
checking for tgetent in -ltinfo... no
checking for readline in -lreadline... no
checking for valid unshare() function... yes
checking for valid setns() function... yes
checking for capng_apply in -lcap-ng... no
checking for crc32 in -lz... yes
checking for magic_open in -lmagic... no
checking for swapon... yes
checking for swapoff... yes
checking for libuser >= 0.58... no
checking for libsystemd... no
checking for libsystemd-daemon... no
checking for libsystemd-journal... no
checking for libeconf... no
checking for a Python interpreter with version >= 2... python
checking for python... /home/lpelegri/cafpyana/envs/venv_py310_cafpyana/bin/python
checking for python version... 3.10
checking for python platform... linux
checking for GNU default python prefix... ${prefix}
checking for GNU default python exec_prefix... ${exec_prefix}
checking for python script directory (pythondir)... ${PYTHON_PREFIX}/lib/python3.10/site-packages
checking for python extension module directory (pyexecdir)... ${PYTHON_EXEC_PREFIX}/lib/python3.10/site-packages
checking for python-3.10... yes
checking that generated files are newer than configure... done
configure: creating ./config.status
config.status: creating Makefile
config.status: creating libblkid/docs/Makefile
config.status: creating libblkid/docs/version.xml
config.status: creating libblkid/src/blkid.h
config.status: creating libfdisk/docs/Makefile
config.status: creating libfdisk/docs/version.xml
config.status: creating libfdisk/src/libfdisk.h
config.status: creating libmount/docs/Makefile
config.status: creating libmount/docs/version.xml
config.status: creating libmount/src/libmount.h
config.status: creating libsmartcols/docs/Makefile
config.status: creating libsmartcols/docs/version.xml
config.status: creating libsmartcols/src/libsmartcols.h
config.status: creating po/Makefile.in
config.status: creating po-man/Makefile
config.status: creating config.h
config.status: executing depfiles commands
config.status: executing libtool commands
config.status: executing po-directories commands
config.status: creating po/POTFILES
config.status: setting ALL_LINGUAS in configure.in is obsolete
config.status: creating po/Makefile

        util-linux  2.39.3

        prefix:                    /home/lpelegri/cafpyana/envs/local
        exec prefix:               ${prefix}

        bindir:                    ${exec_prefix}/bin
        sbindir:                   ${exec_prefix}/sbin
        libdir:                    ${exec_prefix}/lib
        usrbin_execdir:            ${exec_prefix}/bin
        usrsbin_execdir:           ${exec_prefix}/sbin
        usrlib_execdir:            ${exec_prefix}/lib

        localstatedir:             ${prefix}/var
        runstatedir:               ${localstatedir}/run
        includedir:                ${prefix}/include
        sysconfdir:                ${prefix}/etc
        sysconfstaticdir:          ${prefix}/lib

        vendordir:                 

        Python:                    /home/lpelegri/cafpyana/envs/venv_py310_cafpyana/bin/python
        Python version:            3.10
        Python libs:               ${PYTHON_EXEC_PREFIX}/lib/python3.10/site-packages

        Bash completions:          ${datarootdir}/bash-completion/completions
        Systemd support:           no
        Systemd unitdir:           
        libeconf support:          no
        Btrfs support:             yes
        Wide-char support:         yes
        libcryptsetup support:     

        Manual pages:              no
        Manual pages translated:   no

        compiler:                  gcc / g++
        suid cflags:               
        ldflags:                   
        suid ldflags:              
        ASAN enabled:              no
	Fuzzing enabled:           no

        cflags:                    -g -O2

        warnings:

 -fno-common -Wall -Wextra -Waddress-of-packed-member -Wdiscarded-qualifiers -Wimplicit-function-declaration -Wmissing-declarations -Wmissing-parameter-type -Wmissing-prototypes -Wnested-externs -Wno-missing-field-initializers -Wold-style-definition -Wpointer-arith -Wredundant-decls -Wsign-compare -Wstrict-prototypes -Wtype-limits -Wuninitialized -Wunused-but-set-parameter -Wunused-but-set-variable -Wunused-parameter -Wunused-result -Wunused-variable -Werror=sequence-point

 Type 'make' or 'make <utilname>' to compile.

make  all-recursive
make[1]: Entering directory '/home/lpelegri/cafpyana/envs/util-linux-2.39.3'
Making all in po
make[2]: Entering directory '/home/lpelegri/cafpyana/envs/util-linux-2.39.3/po'
make[2]: Nothing to be done for 'all'.
make[2]: Leaving directory '/home/lpelegri/cafpyana/envs/util-linux-2.39.3/po'
make[2]: Entering directory '/home/lpelegri/cafpyana/envs/util-linux-2.39.3'
  CC       libuuid/src/la-clear.lo
  CC       libuuid/src/la-compare.lo
  CC       libuuid/src/la-copy.lo
  CC       libuuid/src/la-gen_uuid.lo
  CC       libuuid/src/la-isnull.lo
  CC       libuuid/src/la-pack.lo
  CC       libuuid/src/la-parse.lo
  CC       libuuid/src/la-unpack.lo
  CC       libuuid/src/la-unparse.lo
  CC       libuuid/src/la-uuid_time.lo
  CC       libuuid/src/la-predefined.lo
  CC       lib/libuuid_la-randutils.lo
  CC       lib/libuuid_la-md5.lo
  CC       lib/libuuid_la-sha1.lo
  GEN      libuuid/uuid.pc
  CCLD     libuuid.la
make[2]: Leaving directory '/home/lpelegri/cafpyana/envs/util-linux-2.39.3'
make[1]: Leaving directory '/home/lpelegri/cafpyana/envs/util-linux-2.39.3'
make  install-recursive
make[1]: Entering directory '/home/lpelegri/cafpyana/envs/util-linux-2.39.3'
Making install in po
make[2]: Entering directory '/home/lpelegri/cafpyana/envs/util-linux-2.39.3/po'
installing ca.gmo as /home/lpelegri/cafpyana/envs/local/share/locale/ca/LC_MESSAGES/util-linux.mo
installing cs.gmo as /home/lpelegri/cafpyana/envs/local/share/locale/cs/LC_MESSAGES/util-linux.mo
installing da.gmo as /home/lpelegri/cafpyana/envs/local/share/locale/da/LC_MESSAGES/util-linux.mo
installing de.gmo as /home/lpelegri/cafpyana/envs/local/share/locale/de/LC_MESSAGES/util-linux.mo
installing es.gmo as /home/lpelegri/cafpyana/envs/local/share/locale/es/LC_MESSAGES/util-linux.mo
installing et.gmo as /home/lpelegri/cafpyana/envs/local/share/locale/et/LC_MESSAGES/util-linux.mo
installing eu.gmo as /home/lpelegri/cafpyana/envs/local/share/locale/eu/LC_MESSAGES/util-linux.mo
installing fi.gmo as /home/lpelegri/cafpyana/envs/local/share/locale/fi/LC_MESSAGES/util-linux.mo
installing fr.gmo as /home/lpelegri/cafpyana/envs/local/share/locale/fr/LC_MESSAGES/util-linux.mo
installing gl.gmo as /home/lpelegri/cafpyana/envs/local/share/locale/gl/LC_MESSAGES/util-linux.mo
installing hr.gmo as /home/lpelegri/cafpyana/envs/local/share/locale/hr/LC_MESSAGES/util-linux.mo
installing hu.gmo as /home/lpelegri/cafpyana/envs/local/share/locale/hu/LC_MESSAGES/util-linux.mo
installing id.gmo as /home/lpelegri/cafpyana/envs/local/share/locale/id/LC_MESSAGES/util-linux.mo
installing it.gmo as /home/lpelegri/cafpyana/envs/local/share/locale/it/LC_MESSAGES/util-linux.mo
installing ja.gmo as /home/lpelegri/cafpyana/envs/local/share/locale/ja/LC_MESSAGES/util-linux.mo
installing ka.gmo as /home/lpelegri/cafpyana/envs/local/share/locale/ka/LC_MESSAGES/util-linux.mo
installing ko.gmo as /home/lpelegri/cafpyana/envs/local/share/locale/ko/LC_MESSAGES/util-linux.mo
installing nl.gmo as /home/lpelegri/cafpyana/envs/local/share/locale/nl/LC_MESSAGES/util-linux.mo
installing pl.gmo as /home/lpelegri/cafpyana/envs/local/share/locale/pl/LC_MESSAGES/util-linux.mo
installing pt.gmo as /home/lpelegri/cafpyana/envs/local/share/locale/pt/LC_MESSAGES/util-linux.mo
installing pt_BR.gmo as /home/lpelegri/cafpyana/envs/local/share/locale/pt_BR/LC_MESSAGES/util-linux.mo
installing ro.gmo as /home/lpelegri/cafpyana/envs/local/share/locale/ro/LC_MESSAGES/util-linux.mo
installing ru.gmo as /home/lpelegri/cafpyana/envs/local/share/locale/ru/LC_MESSAGES/util-linux.mo
installing sk.gmo as /home/lpelegri/cafpyana/envs/local/share/locale/sk/LC_MESSAGES/util-linux.mo
installing sl.gmo as /home/lpelegri/cafpyana/envs/local/share/locale/sl/LC_MESSAGES/util-linux.mo
installing sr.gmo as /home/lpelegri/cafpyana/envs/local/share/locale/sr/LC_MESSAGES/util-linux.mo
installing sv.gmo as /home/lpelegri/cafpyana/envs/local/share/locale/sv/LC_MESSAGES/util-linux.mo
installing tr.gmo as /home/lpelegri/cafpyana/envs/local/share/locale/tr/LC_MESSAGES/util-linux.mo
installing uk.gmo as /home/lpelegri/cafpyana/envs/local/share/locale/uk/LC_MESSAGES/util-linux.mo
installing vi.gmo as /home/lpelegri/cafpyana/envs/local/share/locale/vi/LC_MESSAGES/util-linux.mo
installing zh_CN.gmo as /home/lpelegri/cafpyana/envs/local/share/locale/zh_CN/LC_MESSAGES/util-linux.mo
installing zh_TW.gmo as /home/lpelegri/cafpyana/envs/local/share/locale/zh_TW/LC_MESSAGES/util-linux.mo
if test "util-linux" = "gettext-tools"; then \
  /usr/bin/mkdir -p /home/lpelegri/cafpyana/envs/local/share/gettext/po; \
  for file in Makefile.in.in remove-potcdate.sin quot.sed boldquot.sed en@quot.header en@boldquot.header insert-header.sin Rules-quot   Makevars.template; do \
    /usr/bin/install -c -m 644 ./$file \
		    /home/lpelegri/cafpyana/envs/local/share/gettext/po/$file; \
  done; \
  for file in Makevars; do \
    rm -f /home/lpelegri/cafpyana/envs/local/share/gettext/po/$file; \
  done; \
else \
  : ; \
fi
make[2]: Leaving directory '/home/lpelegri/cafpyana/envs/util-linux-2.39.3/po'
make[2]: Entering directory '/home/lpelegri/cafpyana/envs/util-linux-2.39.3'
make[3]: Entering directory '/home/lpelegri/cafpyana/envs/util-linux-2.39.3'
 /usr/bin/mkdir -p '/home/lpelegri/cafpyana/envs/local/bin'
 /usr/bin/mkdir -p '/home/lpelegri/cafpyana/envs/local/lib'
 /bin/sh ./libtool   --mode=install /usr/bin/install -c   libuuid.la '/home/lpelegri/cafpyana/envs/local/lib'
libtool: install: /usr/bin/install -c .libs/libuuid.so.1.3.0 /home/lpelegri/cafpyana/envs/local/lib/libuuid.so.1.3.0
libtool: install: (cd /home/lpelegri/cafpyana/envs/local/lib && { ln -s -f libuuid.so.1.3.0 libuuid.so.1 || { rm -f libuuid.so.1 && ln -s libuuid.so.1.3.0 libuuid.so.1; }; })
libtool: install: (cd /home/lpelegri/cafpyana/envs/local/lib && { ln -s -f libuuid.so.1.3.0 libuuid.so || { rm -f libuuid.so && ln -s libuuid.so.1.3.0 libuuid.so; }; })
libtool: install: /usr/bin/install -c .libs/libuuid.lai /home/lpelegri/cafpyana/envs/local/lib/libuuid.la
libtool: install: /usr/bin/install -c .libs/libuuid.a /home/lpelegri/cafpyana/envs/local/lib/libuuid.a
libtool: install: chmod 644 /home/lpelegri/cafpyana/envs/local/lib/libuuid.a
libtool: install: ranlib /home/lpelegri/cafpyana/envs/local/lib/libuuid.a
libtool: finish: PATH="/home/lpelegri/cafpyana/envs/venv_py310_cafpyana/bin:/cvmfs/larsoft.opensciencegrid.org/spack-fnal-v1.0.0/opt/spack/linux-x86_64_v2/root-6.28.12-vgs6mjswsg36hl3oarsrsyc2dcua6khe/bin:/cvmfs/larsoft.opensciencegrid.org/spack-fnal-v1.0.0/opt/spack/linux-x86_64_v2/py-numpy-1.26.4-bjfwdigla2ihyygih63foelrl4jedvx2/bin:/cvmfs/larsoft.opensciencegrid.org/spack-fnal-v1.0.0/opt/spack/linux-x86_64_v2/intel-oneapi-mkl-2024.2.2-flejsw5x7cphicg5cbtsky6lv7h4u5k4/mkl/2024.2/bin:/cvmfs/larsoft.opensciencegrid.org/spack-fnal-v1.0.0/opt/spack/linux-x86_64_v2/py-numpy-1.26.4-bjfwdigla2ihyygih63foelrl4jedvx2/bin:/cvmfs/larsoft.opensciencegrid.org/spack-fnal-v1.0.0/opt/spack/linux-x86_64_v2/python-venv-1.0-cgtupqvpxtthincoh5fq6qsmk2q5wdhq/bin:/cvmfs/larsoft.opensciencegrid.org/spack-fnal-v1.0.0/opt/spack/linux-x86_64_v2/python-3.10.16-artasofgepjz3l7wggy7im4zv2m4dfyf/bin:/cvmfs/larsoft.opensciencegrid.org/spack-fnal-v1.0.0/opt/spack/linux-x86_64_v2/root-6.28.12-vgs6mjswsg36hl3oarsrsyc2dcua6khe/bin:/cvmfs/larsoft.opensciencegrid.org/spack-fnal-v1.0.0/opt/spack/linux-x86_64_v2/fcgi-2.4.4-qtgb7fu6on6rkg2lng5xxmgherzlw4cw/bin:/cvmfs/larsoft.opensciencegrid.org/spack-fnal-v1.0.0/opt/spack/linux-x86_64_v2/fftw-3.3.10-gqnx6u2lnhgxm3nm5efz3hvt7si67lij/bin:/cvmfs/larsoft.opensciencegrid.org/spack-fnal-v1.0.0/opt/spack/linux-x86_64_v2/giflib-5.2.2-z43jlg57ipah6i5uxryvbr5tpuplnm5q/bin:/cvmfs/larsoft.opensciencegrid.org/spack-fnal-v1.0.0/opt/spack/linux-x86_64_v2/glew-2.2.0-356frqd7stlly5usdjwvdiuphy6qwsnc/bin:/cvmfs/larsoft.opensciencegrid.org/spack-fnal-v1.0.0/opt/spack/linux-x86_64_v2/gsl-2.8-xoqvr4fs36quvxkx2ymo4tml4zres2rm/bin:/cvmfs/larsoft.opensciencegrid.org/spack-fnal-v1.0.0/opt/spack/linux-x86_64_v2/libjpeg-turbo-3.0.4-yrdrh3lwve6bk4hwsnfpkoof53zbb7y2/bin:/cvmfs/larsoft.opensciencegrid.org/spack-fnal-v1.0.0/opt/spack/linux-x86_64_v2/lz4-1.10.0-wtazy67bixohpajewbmc3nle75osla5f/bin:/cvmfs/larsoft.opensciencegrid.org/spack-fnal-v1.0.0/opt/spack/linux-x86_64_v2/pcre-8.45-il6rcgp3674452paoyjhlvabvquck37b/bin:/cvmfs/larsoft.opensciencegrid.org/spack-fnal-v1.0.0/opt/spack/linux-x86_64_v2/postgresql-17.2-3ttleeancm3vp55cx7al2yw3hedaqafr/bin:/cvmfs/larsoft.opensciencegrid.org/spack-fnal-v1.0.0/opt/spack/linux-x86_64_v2/py-numpy-1.26.4-bjfwdigla2ihyygih63foelrl4jedvx2/bin:/cvmfs/larsoft.opensciencegrid.org/spack-fnal-v1.0.0/opt/spack/linux-x86_64_v2/xrootd-5.6.9-wrvy2k7aoep7albrekcqt2v6j46rz2p5/bin:/cvmfs/larsoft.opensciencegrid.org/spack-fnal-v1.0.0/opt/spack/linux-x86_64_v2/xxhash-0.8.3-jmlglanpklxt5oysrdluk6gnci6ekdwg/bin:/cvmfs/larsoft.opensciencegrid.org/spack-fnal-v1.0.0/opt/spack/linux-x86_64_v2/libpng-1.6.47-atzuakkweqm4pfaxuqrjam4kkaraxvnr/bin:/cvmfs/larsoft.opensciencegrid.org/spack-fnal-v1.0.0/opt/spack/linux-x86_64_v2/icu4c-74.2-htgmbfod3gchnuec27w7xm47yi34hyo7/bin:/cvmfs/larsoft.opensciencegrid.org/spack-fnal-v1.0.0/opt/spack/linux-x86_64_v2/python-venv-1.0-cgtupqvpxtthincoh5fq6qsmk2q5wdhq/bin:/cvmfs/larsoft.opensciencegrid.org/spack-fnal-v1.0.0/opt/spack/linux-x86_64_v2/davix-0.8.10-h5a7jomxivld6g5xlxsju2glsj7zirf6/bin:/cvmfs/larsoft.opensciencegrid.org/spack-fnal-v1.0.0/opt/spack/linux-x86_64_v2/python-3.10.16-artasofgepjz3l7wggy7im4zv2m4dfyf/bin:/cvmfs/larsoft.opensciencegrid.org/spack-fnal-v1.0.0/opt/spack/linux-x86_64_v2/libxml2-2.13.5-5k2gkz7uz5rlxcjewbrx3mspqzlk326c/bin:/cvmfs/larsoft.opensciencegrid.org/spack-fnal-v1.0.0/opt/spack/linux-x86_64_v2/bzip2-1.0.8-mnmykb22pdt3yvglab5vk6v27uv7tnee/bin:/cvmfs/larsoft.opensciencegrid.org/spack-fnal-v1.0.0/opt/spack/linux-x86_64_v2/sqlite-3.46.0-fkaalzsktxj6uvthwt6nqrfhmxmn767p/bin:/cvmfs/larsoft.opensciencegrid.org/spack-fnal-v1.0.0/opt/spack/linux-x86_64_v2/libiconv-1.18-6snghhh6ynswzq6zo5s6vt5fyqe6vzox/bin:/cvmfs/larsoft.opensciencegrid.org/spack-fnal-v1.0.0/opt/spack/linux-x86_64_v2/xz-5.6.3-hfq2b4xdbqt7fnuifcqoqava3yw6on6u/bin:/cvmfs/larsoft.opensciencegrid.org/spack-fnal-v1.0.0/opt/spack/linux-x86_64_v2/readline-8.3-edszmzcegh2cn2g2sh5x46ity5uul62x/bin:/cvmfs/larsoft.opensciencegrid.org/spack-fnal-v1.0.0/opt/spack/linux-x86_64_v2/xrootd-5.6.9-wrvy2k7aoep7albrekcqt2v6j46rz2p5/bin:/cvmfs/larsoft.opensciencegrid.org/spack-fnal-v1.0.0/opt/spack/linux-x86_64_v2/xrootd-5.6.9-wrvy2k7aoep7albrekcqt2v6j46rz2p5/bin:/cvmfs/larsoft.opensciencegrid.org/spack-fnal-v1.0.0/opt/spack/linux-x86_64_v2/bzip2-1.0.8-mnmykb22pdt3yvglab5vk6v27uv7tnee/bin:/cvmfs/larsoft.opensciencegrid.org/spack-fnal-v1.0.0/opt/spack/linux-x86_64_v2/davix-0.8.10-h5a7jomxivld6g5xlxsju2glsj7zirf6/bin:/cvmfs/larsoft.opensciencegrid.org/spack-fnal-v1.0.0/opt/spack/linux-x86_64_v2/readline-8.3-edszmzcegh2cn2g2sh5x46ity5uul62x/bin:/cvmfs/larsoft.opensciencegrid.org/spack-fnal-v1.0.0/opt/spack/linux-x86_64_v2/libxml2-2.13.5-5k2gkz7uz5rlxcjewbrx3mspqzlk326c/bin:/cvmfs/larsoft.opensciencegrid.org/spack-fnal-v1.0.0/opt/spack/linux-x86_64_v2/libiconv-1.18-6snghhh6ynswzq6zo5s6vt5fyqe6vzox/bin:/cvmfs/larsoft.opensciencegrid.org/spack-fnal-v1.0.0/opt/spack/linux-x86_64_v2/xz-5.6.3-hfq2b4xdbqt7fnuifcqoqava3yw6on6u/bin:/cvmfs/larsoft.opensciencegrid.org/spack-fnal-v1.0.0/opt/spack/linux-x86_64_v2/hdf5-1.12.2-bnmkgjfpekgeaageauo2bmr5q73thgmq/bin:/cvmfs/larsoft.opensciencegrid.org/spack-fnal-v1.0.0/opt/spack/linux-x86_64_v2/hdf5-1.12.2-bnmkgjfpekgeaageauo2bmr5q73thgmq/bin:/cvmfs/larsoft.opensciencegrid.org/spack-fnal-v1.0.0/opt/spack/linux-x86_64_v2/openmpi-5.0.8-442n3wqgwryq76tzixqhj2fd63ymrepe/bin:/cvmfs/larsoft.opensciencegrid.org/spack-fnal-v1.0.0/opt/spack/linux-x86_64_v2/numactl-2.0.18-tzbwqfsp5u5zk22njcjouo6azp532iqd/bin:/cvmfs/larsoft.opensciencegrid.org/spack-fnal-v1.0.0/opt/spack/linux-x86_64_v2/prrte-4.0.0-tcajumikwtziv3rx5samyl6kclr3xjkl/bin:/cvmfs/larsoft.opensciencegrid.org/spack-fnal-v1.0.0/opt/spack/linux-x86_64_v2/pmix-6.0.0-m3u5eoqshnqkg4vrpqmokh6sunyetiup/bin:/cvmfs/larsoft.opensciencegrid.org/spack-fnal-v1.0.0/opt/spack/linux-x86_64_v2/libevent-2.1.12-w3ghupp7enktuvrferdnxwfj4schaq75/bin:/cvmfs/larsoft.opensciencegrid.org/spack-fnal-v1.0.0/bin:/cvmfs/fermilab.opensciencegrid.org/packages/common/sam-web-client/3.6/linux-almalinux9-x86_64_v2-gcc-11.4.1-wqczc57sjch75cf6ztddpvcums6etwsw/bin:/cvmfs/fermilab.opensciencegrid.org/packages/common/sam-web-client/3.6/linux-almalinux9-x86_64_v2-gcc-11.4.1-wqczc57sjch75cf6ztddpvcums6etwsw/bin:/cvmfs/fermilab.opensciencegrid.org/packages/common/py-charset-normalizer/3.3.0/linux-almalinux9-x86_64_v2-gcc-11.4.1-3acqio4thtvyb72ppli3n37l6er6bl4y/bin:/cvmfs/fermilab.opensciencegrid.org/packages/common/python/3.9.15/linux-almalinux9-x86_64_v2-gcc-11.4.1-kh4wvqbftkjj5nm43al4ahnps3wlen4h/bin:/cvmfs/fermilab.opensciencegrid.org/packages/common/sam-web-client/3.6/linux-almalinux9-x86_64_v2-gcc-11.4.1-wqczc57sjch75cf6ztddpvcums6etwsw/bin:/cvmfs/fermilab.opensciencegrid.org/packages/common/py-charset-normalizer/3.3.0/linux-almalinux9-x86_64_v2-gcc-11.4.1-3acqio4thtvyb72ppli3n37l6er6bl4y/bin:/cvmfs/fermilab.opensciencegrid.org/packages/common/python/3.9.15/linux-almalinux9-x86_64_v2-gcc-11.4.1-kh4wvqbftkjj5nm43al4ahnps3wlen4h/bin:/cvmfs/fermilab.opensciencegrid.org/packages/common/bzip2/1.0.8/linux-almalinux9-x86_64_v2-gcc-11.4.1-5aevtt4pxjflzly7xjojmwv25m7tb4sb/bin:/cvmfs/fermilab.opensciencegrid.org/packages/common/sqlite/3.43.2/linux-almalinux9-x86_64_v2-gcc-11.4.1-y5xmyruw5xltll6osjkrlfla4bh5m7yj/bin:/cvmfs/fermilab.opensciencegrid.org/packages/common/xz/5.4.1/linux-almalinux9-x86_64_v2-gcc-11.4.1-ztutnij4zlixqhu2jk6nkiv62rlty6n2/bin:/cvmfs/fermilab.opensciencegrid.org/packages/common/spack/current/NULL/bin:/opt/jobsub_lite/bin:/opt/pixi/.pixi/envs/default/bin:/opt/pixi/bin:/opt/conda/bin:/usr/local/sbin:/usr/local/bin:/usr/sbin:/usr/bin:/sbin:/bin:/usr/sbin:/home/lpelegri/.local/bin:/sbin" ldconfig -n /home/lpelegri/cafpyana/envs/local/lib
----------------------------------------------------------------------
Libraries have been installed in:
   /home/lpelegri/cafpyana/envs/local/lib

If you ever happen to want to link against installed libraries
in a given directory, LIBDIR, you must either use libtool, and
specify the full pathname of the library, or use the '-LLIBDIR'
flag during linking and do at least one of the following:
   - add LIBDIR to the 'LD_LIBRARY_PATH' environment variable
     during execution
   - add LIBDIR to the 'LD_RUN_PATH' environment variable
     during linking
   - use the '-Wl,-rpath -Wl,LIBDIR' linker flag
   - have your system administrator add LIBDIR to '/etc/ld.so.conf'

See any operating system documentation about shared libraries for
more information, such as the ld(1) and ld.so(8) manual pages.
----------------------------------------------------------------------
 /usr/bin/mkdir -p '/home/lpelegri/cafpyana/envs/local/sbin'
 /usr/bin/mkdir -p '/home/lpelegri/cafpyana/envs/local/bin'
 /usr/bin/mkdir -p '/home/lpelegri/cafpyana/envs/local/sbin'
make  install-exec-hook
make[4]: Entering directory '/home/lpelegri/cafpyana/envs/util-linux-2.39.3'
if test "/home/lpelegri/cafpyana/envs/local/lib" != "/home/lpelegri/cafpyana/envs/local/lib" -a -f "/home/lpelegri/cafpyana/envs/local/lib/libuuid.so"; then \
	/usr/bin/mkdir -p /home/lpelegri/cafpyana/envs/local/lib; \
	mv /home/lpelegri/cafpyana/envs/local/lib/libuuid.so.* /home/lpelegri/cafpyana/envs/local/lib; \
	so_img_name=$(readlink /home/lpelegri/cafpyana/envs/local/lib/libuuid.so); \
	so_img_rel_target=$(echo /home/lpelegri/cafpyana/envs/local/lib | sed 's,\(^/\|\)[^/][^/]*,..,g'); \
	(cd /home/lpelegri/cafpyana/envs/local/lib && \
		rm -f libuuid.so && \
		ln -s $so_img_rel_target/home/lpelegri/cafpyana/envs/local/lib/$so_img_name libuuid.so); \
fi
make[4]: Leaving directory '/home/lpelegri/cafpyana/envs/util-linux-2.39.3'
 /usr/bin/mkdir -p '/home/lpelegri/cafpyana/envs/local/share/bash-completion/completions'
 /usr/bin/mkdir -p '/home/lpelegri/cafpyana/envs/local/share/man/man1'
 /usr/bin/mkdir -p '/home/lpelegri/cafpyana/envs/local/share/man/man3'
 /usr/bin/install -c -m 644 libuuid/man/uuid.3 libuuid/man/uuid_clear.3 libuuid/man/uuid_compare.3 libuuid/man/uuid_copy.3 libuuid/man/uuid_generate.3 libuuid/man/uuid_is_null.3 libuuid/man/uuid_parse.3 libuuid/man/uuid_time.3 libuuid/man/uuid_unparse.3 libuuid/man/uuid_generate_random.3 libuuid/man/uuid_generate_time.3 libuuid/man/uuid_generate_time_safe.3 '/home/lpelegri/cafpyana/envs/local/share/man/man3'
 /usr/bin/mkdir -p '/home/lpelegri/cafpyana/envs/local/share/man/man5'
 /usr/bin/install -c -m 644 lib/terminal-colors.d.5 '/home/lpelegri/cafpyana/envs/local/share/man/man5'
 /usr/bin/mkdir -p '/home/lpelegri/cafpyana/envs/local/share/man/man8'
 /usr/bin/mkdir -p '/home/lpelegri/cafpyana/envs/local/lib/pkgconfig'
 /usr/bin/install -c -m 644 libuuid/uuid.pc '/home/lpelegri/cafpyana/envs/local/lib/pkgconfig'
 /usr/bin/mkdir -p '/home/lpelegri/cafpyana/envs/local/include/uuid'
 /usr/bin/install -c -m 644 libuuid/src/uuid.h '/home/lpelegri/cafpyana/envs/local/include/uuid'
make  install-data-hook
make[4]: Entering directory '/home/lpelegri/cafpyana/envs/util-linux-2.39.3'
make[4]: Nothing to be done for 'install-data-hook'.
make[4]: Leaving directory '/home/lpelegri/cafpyana/envs/util-linux-2.39.3'
make[3]: Leaving directory '/home/lpelegri/cafpyana/envs/util-linux-2.39.3'
make[2]: Leaving directory '/home/lpelegri/cafpyana/envs/util-linux-2.39.3'
make[1]: Leaving directory '/home/lpelegri/cafpyana/envs/util-linux-2.39.3'
